******************************************************************************
                  TI ARM Linker Unix v18.1.4                   
******************************************************************************
>> Linked Fri Nov 15 18:48:21 2019

OUTPUT FILE NAME:   <Lab12_Motors.out>
ENTRY POINT SYMBOL: "_c_int00_noargs"  address: 00001a49


MEMORY CONFIGURATION

         name            origin    length      used     unused   attr    fill
----------------------  --------  ---------  --------  --------  ----  --------
  MAIN                  00000000   00040000  00001b36  0003e4ca  R  X
  INFO                  00200000   00004000  00000000  00004000  R  X
  SRAM_CODE             01000000   00010000  00000832  0000f7ce  RW X
  SRAM_DATA             20000000   00010000  00000832  0000f7ce  RW  


SEGMENT ALLOCATION MAP

run origin  load origin   length   init length attrs members
----------  ----------- ---------- ----------- ----- -------
00000000    00000000    00001b38   00001b38    r-x
  00000000    00000000    000000e4   000000e4    r-- .intvecs
  000000e4    000000e4    000019d2   000019d2    r-x .text
  00001ab8    00001ab8    00000080   00000080    r-- .cinit
20000000    20000000    00000632   00000000    rw-
  20000000    20000000    00000400   00000000    rw- .sysmem
  20000400    20000400    0000014c   00000000    rw- .bss
  2000054c    2000054c    000000e6   00000000    rw- .data
2000fe00    2000fe00    00000200   00000000    rw-
  2000fe00    2000fe00    00000200   00000000    rw- .stack


SECTION ALLOCATION MAP

 output                                  attributes/
section   page    origin      length       input sections
--------  ----  ----------  ----------   ----------------
.intvecs   0    00000000    000000e4     
                  00000000    000000e4     startup_msp432p401r_ccs.obj (.intvecs:retain)

.text      0    000000e4    000019d2     
                  000000e4    000005b6     EUSCIA0.obj (.text)
                  0000069a    00000002     --HOLE-- [fill = 0]
                  0000069c    0000032c     system_msp432p401r.obj (.text)
                  000009c8    000002e8     Motor.obj (.text)
                  00000cb0    00000290     Lab12_Motorsmain.obj (.text)
                  00000f40    00000288     PWM.obj (.text)
                  000011c8    000001e0     Clock.obj (.text)
                  000013a8    000001e0     LaunchPad.obj (.text)
                  00001588    00000174     ADC14.obj (.text)
                  000016fc    000000d0     TimerA2.obj (.text)
                  000017cc    000000bc     SysTick.obj (.text)
                  00001888    0000009c     rtsv7M4_T_le_v4SPD16_eabi.lib : memcpy_t2.asm.obj (.text)
                  00001924    00000078     FIFO0.obj (.text)
                  0000199c    00000068     rtsv7M4_T_le_v4SPD16_eabi.lib : copy_decompress_lzss.c.obj (.text:decompress:lzss:__TI_decompress_lzss)
                  00001a04    00000044                                   : autoinit.c.obj (.text:__TI_auto_init_nobinit_nopinit:__TI_auto_init_nobinit_nopinit)
                  00001a48    00000038                                   : boot_cortex_m.c.obj (.text:_c_int00_noargs:_c_int00_noargs)
                  00001a80    00000012                                   : copy_zero_init.c.obj (.text:decompress:ZI:__TI_zero_init_nomemset:__TI_zero_init_nomemset)
                  00001a92    0000000e                                   : copy_decompress_none.c.obj (.text:decompress:none:__TI_decompress_none)
                  00001aa0    0000000e     startup_msp432p401r_ccs.obj (.text)
                  00001aae    00000004     rtsv7M4_T_le_v4SPD16_eabi.lib : pre_init.c.obj (.text:_system_pre_init)
                  00001ab2    00000004                                   : exit.c.obj (.text:abort:abort)

.cinit     0    00001ab8    00000080     
                  00001ab8    0000005a     (.cinit..data.load) [load image, compression = lzss]
                  00001b12    00000002     --HOLE-- [fill = 0]
                  00001b14    0000000c     (__TI_handler_table)
                  00001b20    00000008     (.cinit..bss.load) [load image, compression = zero_init]
                  00001b28    00000010     (__TI_cinit_table)

.init_array 
*          0    00000000    00000000     UNINITIALIZED

.binit     0    00000000    00000000     

.sysmem    0    20000000    00000400     UNINITIALIZED
                  20000000    00000008     rtsv7M4_T_le_v4SPD16_eabi.lib : memory.c.obj (.sysmem)
                  20000008    000003f8     --HOLE--

.bss       0    20000400    0000014c     UNINITIALIZED
                  20000400    00000100     (.common:TxHistogram)
                  20000500    0000000c     (.common:sensor_center_buff)
                  2000050c    0000000c     (.common:sensor_left_buff)
                  20000518    0000000c     (.common:sensor_right_buff)
                  20000524    00000008     (.common:Messagec)
                  2000052c    00000004     (.common:Messageindexc)
                  20000530    00000004     (.common:TimerA2Task)
                  20000534    00000004     (.common:center_distance)
                  20000538    00000004     (.common:left_distance)
                  2000053c    00000004     (.common:right_distance)
                  20000540    00000004     (.common:sensor_center)
                  20000544    00000004     (.common:sensor_left)
                  20000548    00000004     (.common:sensor_right)

.data      0    2000054c    000000e6     UNINITIALIZED
                  2000054c    000000c8     Lab12_Motorsmain.obj (.data:FSM_States)
                  20000614    00000018     Clock.obj (.data)
                  2000062c    00000004     system_msp432p401r.obj (.data)
                  20000630    00000002     Motor.obj (.data)

.stack     0    2000fe00    00000200     UNINITIALIZED
                  2000fe00    00000004     rtsv7M4_T_le_v4SPD16_eabi.lib : boot_cortex_m.c.obj (.stack)
                  2000fe04    000001fc     --HOLE--

MODULE SUMMARY

       Module                        code   ro data   rw data
       ------                        ----   -------   -------
    ./
       EUSCIA0.obj                   1462   0         24     
       Lab12_Motorsmain.obj          656    0         520    
       system_msp432p401r.obj        812    0         8      
       Motor.obj                     744    0         4      
       PWM.obj                       648    0         0      
       FIFO0.obj                     120    0         512    
       Clock.obj                     480    0         48     
       LaunchPad.obj                 480    0         0      
       ADC14.obj                     372    0         0      
       startup_msp432p401r_ccs.obj   14     228       0      
       TimerA2.obj                   208    0         8      
       SysTick.obj                   188    0         0      
    +--+-----------------------------+------+---------+---------+
       Total:                        6184   228       1124   
                                                             
    /opt/ccstudio/ccsv8/tools/compiler/ti-cgt-arm_18.1.4.LTS/lib/rtsv7M4_T_le_v4SPD16_eabi.lib
       memcpy_t2.asm.obj             156    0         0      
       copy_decompress_lzss.c.obj    104    0         0      
       autoinit.c.obj                68     0         0      
       boot_cortex_m.c.obj           56     0         0      
       copy_zero_init.c.obj          18     0         0      
       copy_decompress_none.c.obj    14     0         0      
       exit.c.obj                    4      0         0      
       pre_init.c.obj                4      0         0      
    +--+-----------------------------+------+---------+---------+
       Total:                        424    0         0      
                                                             
       Heap:                         0      0         2048   
       Stack:                        0      0         1024   
       Linker Generated:             0      126       0      
    +--+-----------------------------+------+---------+---------+
       Grand Total:                  6608   354       4196   


LINKER GENERATED COPY TABLES

__TI_cinit_table @ 00001b28 records: 2, size/record: 8, table size: 16
	.data: load addr=00001ab8, load size=0000005a bytes, run addr=2000054c, run size=000000e6 bytes, compression=lzss
	.bss: load addr=00001b20, load size=00000008 bytes, run addr=20000400, run size=0000014c bytes, compression=zero_init


LINKER GENERATED HANDLER TABLE

__TI_handler_table @ 00001b14 records: 3, size/record: 4, table size: 12
	index: 0, handler: __TI_decompress_lzss
	index: 1, handler: __TI_decompress_none
	index: 2, handler: __TI_zero_init


GLOBAL SYMBOLS: SORTED ALPHABETICALLY BY Name 

address   name                          
-------   ----                          
000016a1  ADC0_InitSWTriggerCh12        
000016a7  ADC0_InitSWTriggerCh17_12_16  
00001589  ADC0_InitSWTriggerCh6         
000015f9  ADC0_InitSWTriggerCh67        
00001aad  ADC14_IRQHandler              
000016a3  ADC_In12                      
000016a9  ADC_In17_12_16                
000015d9  ADC_In6                       
0000165b  ADC_In67                      
00001aad  AES256_IRQHandler             
00001aad  BusFault_Handler              
00001ab3  C$$EXIT                       
00001aad  COMP_E0_IRQHandler            
00001aad  COMP_E1_IRQHandler            
2000061c  CPMwait                       
00001aad  CS_IRQHandler                 
20000631  CURRENT_LEFT_WHEEL_DIRECTION  
20000630  CURRENT_RIGHT_WHEEL_DIRECTION 
20000614  ClockFrequency                
0000131d  Clock_Delay1ms                
000012f3  Clock_Delay1us                
000012df  Clock_GetFreq                 
000011c9  Clock_Init48MHz               
20000628  Crystalstable                 
00001aad  DMA_ERR_IRQHandler            
00001aad  DMA_INT0_IRQHandler           
00001aad  DMA_INT1_IRQHandler           
00001aad  DMA_INT2_IRQHandler           
00001aad  DMA_INT3_IRQHandler           
00001aad  DebugMon_Handler              
00001aad  Default_Handler               
00000bd7  Drive_Motors                  
00000175  EUSCIA0_IRQHandler            
00000175  EUSCIA0_IRQHandler            
00000149  EUSCIA0_InChar                
00000611  EUSCIA0_InString              
000001c9  EUSCIA0_InUDec                
000004c5  EUSCIA0_InUHex                
000000e5  EUSCIA0_Init                  
0000015b  EUSCIA0_OutChar               
000001ab  EUSCIA0_OutString             
0000024d  EUSCIA0_OutUDec               
000003dd  EUSCIA0_OutUDec4              
00000415  EUSCIA0_OutUDec5              
00000451  EUSCIA0_OutUFix1              
00000479  EUSCIA0_OutUFix2              
0000058d  EUSCIA0_OutUHex               
000005f3  EUSCIA0_OutUHex2              
000005d1  EUSCIA0outnibble              
00001aad  EUSCIA1_IRQHandler            
00001aad  EUSCIA2_IRQHandler            
00001aad  EUSCIA3_IRQHandler            
00001aad  EUSCIB0_IRQHandler            
00001aad  EUSCIB1_IRQHandler            
00001aad  EUSCIB2_IRQHandler            
00001aad  EUSCIB3_IRQHandler            
00001aad  FLCTL_IRQHandler              
00001aad  FPU_IRQHandler                
2000054c  FSM_States                    
00001aad  HardFault_Handler             
20000624  IFlags                        
000013a9  LaunchPad_Init                
00001507  LaunchPad_Input               
00001521  LaunchPad_LED                 
0000153f  LaunchPad_Output              
0000116f  LeftMotor_PWM                 
00001aad  MemManage_Handler             
20000524  Messagec                      
2000052c  Messageindexc                 
00000ba7  Motor_Backward                
00000afd  Motor_Forward                 
000009c9  Motor_Init                    
00000b77  Motor_Left                    
00000b47  Motor_Right                   
00000aed  Motor_Stop                    
00001aad  NMI_Handler                   
00001aad  PCM_IRQHandler                
00001aad  PORT1_IRQHandler              
00001aad  PORT2_IRQHandler              
00001aad  PORT3_IRQHandler              
00001aad  PORT4_IRQHandler              
00001aad  PORT5_IRQHandler              
00001aad  PORT6_IRQHandler              
00001aad  PSS_IRQHandler                
0000102b  PWM_Duty1                     
0000104b  PWM_Duty2                     
0000110f  PWM_Duty3                     
0000112f  PWM_Duty4                     
00000f41  PWM_Init1                     
00000fa7  PWM_Init12                    
0000106b  PWM_Init34                    
00000cb1  Pause                         
00001aad  PendSV_Handler                
20000620  Postwait                      
20000618  Prewait                       
00001aad  RTC_C_IRQHandler              
00001aa1  Reset_Handler                 
0000114f  RightMotor_PWM                
00001987  RxFifo0_Get                   
00001977  RxFifo0_Init                  
00001979  RxFifo0_Put                   
00001993  RxFifo0_Size                  
00001aad  SVC_Handler                   
00001aad  SysTick_Handler               
000017cd  SysTick_Init                  
000017dd  SysTick_Wait                  
00001851  SysTick_Wait10ms              
00001803  SysTick_Wait10us              
0000182b  SysTick_Wait1us               
2000062c  SystemCoreClock               
0000069d  SystemCoreClockUpdate         
00000911  SystemInit                    
00001aad  T32_INT1_IRQHandler           
00001aad  T32_INT2_IRQHandler           
00001aad  T32_INTC_IRQHandler           
00001aad  TA0_0_IRQHandler              
00001aad  TA0_N_IRQHandler              
00001aad  TA1_0_IRQHandler              
00001aad  TA1_N_IRQHandler              
00001797  TA2_0_IRQHandler              
00001797  TA2_0_IRQHandler              
00001aad  TA2_N_IRQHandler              
00001aad  TA3_0_IRQHandler              
00001aad  TA3_N_IRQHandler              
20000530  TimerA2Task                   
0000175b  TimerA2_Change_Task           
000016fd  TimerA2_Init                  
00001783  TimerA2_Stop                  
00001967  TxFifo0_Get                   
00001925  TxFifo0_Init                  
0000194d  TxFifo0_Put                   
00001973  TxFifo0_Size                  
20000400  TxHistogram                   
00001aad  UsageFault_Handler            
4000480c  WDTCTL_SYM                    
00001aad  WDT_A_IRQHandler              
20010000  __STACK_END                   
00000200  __STACK_SIZE                  
00000400  __SYSMEM_SIZE                 
00001b28  __TI_CINIT_Base               
00001b38  __TI_CINIT_Limit              
00001b14  __TI_Handler_Table_Base       
00001b20  __TI_Handler_Table_Limit      
00001a05  __TI_auto_init_nobinit_nopinit
0000199d  __TI_decompress_lzss          
00001a93  __TI_decompress_none          
ffffffff  __TI_pprof_out_hndl           
ffffffff  __TI_prof_data_size           
ffffffff  __TI_prof_data_start          
00000000  __TI_static_base__            
00001a81  __TI_zero_init_nomemset       
00001889  __aeabi_memcpy                
00001889  __aeabi_memcpy4               
00001889  __aeabi_memcpy8               
ffffffff  __binit__                     
ffffffff  __c_args__                    
UNDEFED   __mpu_init                    
2000fe00  __stack                       
00001a49  _c_int00_noargs               
20000000  _sys_memory                   
UNDEFED   _system_post_cinit            
00001aaf  _system_pre_init              
00001ab3  abort                         
00000cc5  average_array                 
ffffffff  binit                         
20000534  center_distance               
00000e0b  configure_ADC                 
00000d05  convert_sensor_to_distance    
000012e5  delay                         
00000dbf  distance_to_obj               
00000000  interruptVectors              
20000538  left_distance                 
00000e61  main                          
00001889  memcpy                        
2000053c  right_distance                
20000540  sensor_center                 
20000500  sensor_center_buff            
20000544  sensor_left                   
2000050c  sensor_left_buff              
20000548  sensor_right                  
20000518  sensor_right_buff             
00001421  set_color                     
00001419  set_color_red                 
00000d5b  timerA2_task                  


GLOBAL SYMBOLS: SORTED BY Symbol Address 

address   name                          
-------   ----                          
00000000  __TI_static_base__            
00000000  interruptVectors              
000000e5  EUSCIA0_Init                  
00000149  EUSCIA0_InChar                
0000015b  EUSCIA0_OutChar               
00000175  EUSCIA0_IRQHandler            
00000175  EUSCIA0_IRQHandler            
000001ab  EUSCIA0_OutString             
000001c9  EUSCIA0_InUDec                
00000200  __STACK_SIZE                  
0000024d  EUSCIA0_OutUDec               
000003dd  EUSCIA0_OutUDec4              
00000400  __SYSMEM_SIZE                 
00000415  EUSCIA0_OutUDec5              
00000451  EUSCIA0_OutUFix1              
00000479  EUSCIA0_OutUFix2              
000004c5  EUSCIA0_InUHex                
0000058d  EUSCIA0_OutUHex               
000005d1  EUSCIA0outnibble              
000005f3  EUSCIA0_OutUHex2              
00000611  EUSCIA0_InString              
0000069d  SystemCoreClockUpdate         
00000911  SystemInit                    
000009c9  Motor_Init                    
00000aed  Motor_Stop                    
00000afd  Motor_Forward                 
00000b47  Motor_Right                   
00000b77  Motor_Left                    
00000ba7  Motor_Backward                
00000bd7  Drive_Motors                  
00000cb1  Pause                         
00000cc5  average_array                 
00000d05  convert_sensor_to_distance    
00000d5b  timerA2_task                  
00000dbf  distance_to_obj               
00000e0b  configure_ADC                 
00000e61  main                          
00000f41  PWM_Init1                     
00000fa7  PWM_Init12                    
0000102b  PWM_Duty1                     
0000104b  PWM_Duty2                     
0000106b  PWM_Init34                    
0000110f  PWM_Duty3                     
0000112f  PWM_Duty4                     
0000114f  RightMotor_PWM                
0000116f  LeftMotor_PWM                 
000011c9  Clock_Init48MHz               
000012df  Clock_GetFreq                 
000012e5  delay                         
000012f3  Clock_Delay1us                
0000131d  Clock_Delay1ms                
000013a9  LaunchPad_Init                
00001419  set_color_red                 
00001421  set_color                     
00001507  LaunchPad_Input               
00001521  LaunchPad_LED                 
0000153f  LaunchPad_Output              
00001589  ADC0_InitSWTriggerCh6         
000015d9  ADC_In6                       
000015f9  ADC0_InitSWTriggerCh67        
0000165b  ADC_In67                      
000016a1  ADC0_InitSWTriggerCh12        
000016a3  ADC_In12                      
000016a7  ADC0_InitSWTriggerCh17_12_16  
000016a9  ADC_In17_12_16                
000016fd  TimerA2_Init                  
0000175b  TimerA2_Change_Task           
00001783  TimerA2_Stop                  
00001797  TA2_0_IRQHandler              
00001797  TA2_0_IRQHandler              
000017cd  SysTick_Init                  
000017dd  SysTick_Wait                  
00001803  SysTick_Wait10us              
0000182b  SysTick_Wait1us               
00001851  SysTick_Wait10ms              
00001889  __aeabi_memcpy                
00001889  __aeabi_memcpy4               
00001889  __aeabi_memcpy8               
00001889  memcpy                        
00001925  TxFifo0_Init                  
0000194d  TxFifo0_Put                   
00001967  TxFifo0_Get                   
00001973  TxFifo0_Size                  
00001977  RxFifo0_Init                  
00001979  RxFifo0_Put                   
00001987  RxFifo0_Get                   
00001993  RxFifo0_Size                  
0000199d  __TI_decompress_lzss          
00001a05  __TI_auto_init_nobinit_nopinit
00001a49  _c_int00_noargs               
00001a81  __TI_zero_init_nomemset       
00001a93  __TI_decompress_none          
00001aa1  Reset_Handler                 
00001aad  ADC14_IRQHandler              
00001aad  AES256_IRQHandler             
00001aad  BusFault_Handler              
00001aad  COMP_E0_IRQHandler            
00001aad  COMP_E1_IRQHandler            
00001aad  CS_IRQHandler                 
00001aad  DMA_ERR_IRQHandler            
00001aad  DMA_INT0_IRQHandler           
00001aad  DMA_INT1_IRQHandler           
00001aad  DMA_INT2_IRQHandler           
00001aad  DMA_INT3_IRQHandler           
00001aad  DebugMon_Handler              
00001aad  Default_Handler               
00001aad  EUSCIA1_IRQHandler            
00001aad  EUSCIA2_IRQHandler            
00001aad  EUSCIA3_IRQHandler            
00001aad  EUSCIB0_IRQHandler            
00001aad  EUSCIB1_IRQHandler            
00001aad  EUSCIB2_IRQHandler            
00001aad  EUSCIB3_IRQHandler            
00001aad  FLCTL_IRQHandler              
00001aad  FPU_IRQHandler                
00001aad  HardFault_Handler             
00001aad  MemManage_Handler             
00001aad  NMI_Handler                   
00001aad  PCM_IRQHandler                
00001aad  PORT1_IRQHandler              
00001aad  PORT2_IRQHandler              
00001aad  PORT3_IRQHandler              
00001aad  PORT4_IRQHandler              
00001aad  PORT5_IRQHandler              
00001aad  PORT6_IRQHandler              
00001aad  PSS_IRQHandler                
00001aad  PendSV_Handler                
00001aad  RTC_C_IRQHandler              
00001aad  SVC_Handler                   
00001aad  SysTick_Handler               
00001aad  T32_INT1_IRQHandler           
00001aad  T32_INT2_IRQHandler           
00001aad  T32_INTC_IRQHandler           
00001aad  TA0_0_IRQHandler              
00001aad  TA0_N_IRQHandler              
00001aad  TA1_0_IRQHandler              
00001aad  TA1_N_IRQHandler              
00001aad  TA2_N_IRQHandler              
00001aad  TA3_0_IRQHandler              
00001aad  TA3_N_IRQHandler              
00001aad  UsageFault_Handler            
00001aad  WDT_A_IRQHandler              
00001aaf  _system_pre_init              
00001ab3  C$$EXIT                       
00001ab3  abort                         
00001b14  __TI_Handler_Table_Base       
00001b20  __TI_Handler_Table_Limit      
00001b28  __TI_CINIT_Base               
00001b38  __TI_CINIT_Limit              
20000000  _sys_memory                   
20000400  TxHistogram                   
20000500  sensor_center_buff            
2000050c  sensor_left_buff              
20000518  sensor_right_buff             
20000524  Messagec                      
2000052c  Messageindexc                 
20000530  TimerA2Task                   
20000534  center_distance               
20000538  left_distance                 
2000053c  right_distance                
20000540  sensor_center                 
20000544  sensor_left                   
20000548  sensor_right                  
2000054c  FSM_States                    
20000614  ClockFrequency                
20000618  Prewait                       
2000061c  CPMwait                       
20000620  Postwait                      
20000624  IFlags                        
20000628  Crystalstable                 
2000062c  SystemCoreClock               
20000630  CURRENT_RIGHT_WHEEL_DIRECTION 
20000631  CURRENT_LEFT_WHEEL_DIRECTION  
2000fe00  __stack                       
20010000  __STACK_END                   
4000480c  WDTCTL_SYM                    
ffffffff  __TI_pprof_out_hndl           
ffffffff  __TI_prof_data_size           
ffffffff  __TI_prof_data_start          
ffffffff  __binit__                     
ffffffff  __c_args__                    
ffffffff  binit                         
UNDEFED   __mpu_init                    
UNDEFED   _system_post_cinit            

[184 symbols]
