******************************************************************************
                  TI ARM Linker Unix v18.1.4                   
******************************************************************************
>> Linked Sun Nov 17 13:15:42 2019

OUTPUT FILE NAME:   <Lab12_Motors.out>
ENTRY POINT SYMBOL: "_c_int00_noargs"  address: 00001e8d


MEMORY CONFIGURATION

         name            origin    length      used     unused   attr    fill
----------------------  --------  ---------  --------  --------  ----  --------
  MAIN                  00000000   00040000  00001ff8  0003e008  R  X
  INFO                  00200000   00004000  00000000  00004000  R  X
  SRAM_CODE             01000000   00010000  00000843  0000f7bd  RW X
  SRAM_DATA             20000000   00010000  00000843  0000f7bd  RW  


SEGMENT ALLOCATION MAP

run origin  load origin   length   init length attrs members
----------  ----------- ---------- ----------- ----- -------
00000000    00000000    00001ff8   00001ff8    r-x
  00000000    00000000    000000e4   000000e4    r-- .intvecs
  000000e4    000000e4    00001e82   00001e82    r-x .text
  00001f66    00001f66    0000000a   0000000a    r-- .const
  00001f70    00001f70    00000088   00000088    r-- .cinit
20000000    20000000    00000643   00000000    rw-
  20000000    20000000    00000400   00000000    rw- .sysmem
  20000400    20000400    00000158   00000000    rw- .bss
  20000558    20000558    000000eb   00000000    rw- .data
2000fe00    2000fe00    00000200   00000000    rw-
  2000fe00    2000fe00    00000200   00000000    rw- .stack


SECTION ALLOCATION MAP

 output                                  attributes/
section   page    origin      length       input sections
--------  ----  ----------  ----------   ----------------
.intvecs   0    00000000    000000e4     
                  00000000    000000e4     startup_msp432p401r_ccs.obj (.intvecs:retain)

.text      0    000000e4    00001e82     
                  000000e4    000005b6     EUSCIA0.obj (.text)
                  0000069a    00000002     --HOLE-- [fill = 0]
                  0000069c    0000032c     system_msp432p401r.obj (.text)
                  000009c8    00000310     Lab12_Motorsmain.obj (.text)
                  00000cd8    000002e8     Motor.obj (.text)
                  00000fc0    00000288     PWM.obj (.text)
                  00001248    0000023c     SevenSegment.obj (.text)
                  00001484    000001e0     Clock.obj (.text)
                  00001664    000001e0     LaunchPad.obj (.text)
                  00001844    00000174     ADC14.obj (.text)
                  000019b8    000000d0     TimerA2.obj (.text)
                  00001a88    000000bc     SysTick.obj (.text)
                  00001b44    000000ac     TimerA0.obj (.text)
                  00001bf0    0000009c     rtsv7M4_T_le_v4SPD16_eabi.lib : memcpy_t2.asm.obj (.text)
                  00001c8c    00000090     TimerA1.obj (.text)
                  00001d1c    00000078     FIFO0.obj (.text)
                  00001d94    00000068     rtsv7M4_T_le_v4SPD16_eabi.lib : copy_decompress_lzss.c.obj (.text:decompress:lzss:__TI_decompress_lzss)
                  00001dfc    0000004c     fsm.obj (.text)
                  00001e48    00000044     rtsv7M4_T_le_v4SPD16_eabi.lib : autoinit.c.obj (.text:__TI_auto_init_nobinit_nopinit:__TI_auto_init_nobinit_nopinit)
                  00001e8c    00000038                                   : boot_cortex_m.c.obj (.text:_c_int00_noargs:_c_int00_noargs)
                  00001ec4    00000024     Lab12_Motorsmain.obj (.text:down_button)
                  00001ee8    00000024     Lab12_Motorsmain.obj (.text:start_button)
                  00001f0c    00000024     Lab12_Motorsmain.obj (.text:up_button)
                  00001f30    00000012     rtsv7M4_T_le_v4SPD16_eabi.lib : copy_zero_init.c.obj (.text:decompress:ZI:__TI_zero_init_nomemset:__TI_zero_init_nomemset)
                  00001f42    0000000e                                   : copy_decompress_none.c.obj (.text:decompress:none:__TI_decompress_none)
                  00001f50    0000000e     startup_msp432p401r_ccs.obj (.text)
                  00001f5e    00000004     rtsv7M4_T_le_v4SPD16_eabi.lib : pre_init.c.obj (.text:_system_pre_init)
                  00001f62    00000004                                   : exit.c.obj (.text:abort:abort)

.const     0    00001f66    0000000a     
                  00001f66    0000000a     SevenSegment.obj (.const:.string:number)

.cinit     0    00001f70    00000088     
                  00001f70    0000005f     (.cinit..data.load) [load image, compression = lzss]
                  00001fcf    00000001     --HOLE-- [fill = 0]
                  00001fd0    0000000c     (__TI_handler_table)
                  00001fdc    00000004     --HOLE-- [fill = 0]
                  00001fe0    00000008     (.cinit..bss.load) [load image, compression = zero_init]
                  00001fe8    00000010     (__TI_cinit_table)

.init_array 
*          0    00000000    00000000     UNINITIALIZED

.binit     0    00000000    00000000     

.sysmem    0    20000000    00000400     UNINITIALIZED
                  20000000    00000008     rtsv7M4_T_le_v4SPD16_eabi.lib : memory.c.obj (.sysmem)
                  20000008    000003f8     --HOLE--

.bss       0    20000400    00000158     UNINITIALIZED
                  20000400    00000100     (.common:TxHistogram)
                  20000500    0000000c     (.common:sensor_center_buff)
                  2000050c    0000000c     (.common:sensor_left_buff)
                  20000518    0000000c     (.common:sensor_right_buff)
                  20000524    00000008     (.common:Messagec)
                  2000052c    00000004     (.common:Messageindexc)
                  20000530    00000004     (.common:TimerA0Task)
                  20000534    00000004     (.common:TimerA1Task)
                  20000538    00000004     (.common:TimerA2Task)
                  2000053c    00000004     (.common:center_distance)
                  20000540    00000004     (.common:left_distance)
                  20000544    00000004     (.common:right_distance)
                  20000548    00000004     (.common:segment_mapping)
                  2000054c    00000004     (.common:sensor_center)
                  20000550    00000004     (.common:sensor_left)
                  20000554    00000004     (.common:sensor_right)

.data      0    20000558    000000eb     UNINITIALIZED
                  20000558    000000c8     fsm.obj (.data:FSM_States)
                  20000620    00000018     Clock.obj (.data)
                  20000638    00000004     SevenSegment.obj (.data:segment_pin_map)
                  2000063c    00000004     system_msp432p401r.obj (.data)
                  20000640    00000002     Motor.obj (.data)
                  20000642    00000001     SevenSegment.obj (.data)

.stack     0    2000fe00    00000200     UNINITIALIZED
                  2000fe00    00000004     rtsv7M4_T_le_v4SPD16_eabi.lib : boot_cortex_m.c.obj (.stack)
                  2000fe04    000001fc     --HOLE--

MODULE SUMMARY

       Module                        code   ro data   rw data
       ------                        ----   -------   -------
    ./
       EUSCIA0.obj                   1462   0         24     
       Lab12_Motorsmain.obj          892    0         120    
       system_msp432p401r.obj        812    0         8      
       Motor.obj                     744    0         4      
       PWM.obj                       648    0         0      
       FIFO0.obj                     120    0         512    
       SevenSegment.obj              572    10        18     
       Clock.obj                     480    0         48     
       LaunchPad.obj                 480    0         0      
       fsm.obj                       76     0         400    
       ADC14.obj                     372    0         0      
       startup_msp432p401r_ccs.obj   14     228       0      
       TimerA2.obj                   208    0         8      
       SysTick.obj                   188    0         0      
       TimerA0.obj                   172    0         8      
       TimerA1.obj                   144    0         8      
    +--+-----------------------------+------+---------+---------+
       Total:                        7384   238       1158   
                                                             
    /opt/ccstudio/ccsv8/tools/compiler/ti-cgt-arm_18.1.4.LTS/lib/rtsv7M4_T_le_v4SPD16_eabi.lib
       memcpy_t2.asm.obj             156    0         0      
       copy_decompress_lzss.c.obj    104    0         0      
       autoinit.c.obj                68     0         0      
       boot_cortex_m.c.obj           56     0         0      
       copy_zero_init.c.obj          18     0         0      
       copy_decompress_none.c.obj    14     0         0      
       exit.c.obj                    4      0         0      
       pre_init.c.obj                4      0         0      
    +--+-----------------------------+------+---------+---------+
       Total:                        424    0         0      
                                                             
       Heap:                         0      0         2048   
       Stack:                        0      0         1024   
       Linker Generated:             0      131       0      
    +--+-----------------------------+------+---------+---------+
       Grand Total:                  7808   369       4230   


LINKER GENERATED COPY TABLES

__TI_cinit_table @ 00001fe8 records: 2, size/record: 8, table size: 16
	.data: load addr=00001f70, load size=0000005f bytes, run addr=20000558, run size=000000eb bytes, compression=lzss
	.bss: load addr=00001fe0, load size=00000008 bytes, run addr=20000400, run size=00000158 bytes, compression=zero_init


LINKER GENERATED HANDLER TABLE

__TI_handler_table @ 00001fd0 records: 3, size/record: 4, table size: 12
	index: 0, handler: __TI_decompress_lzss
	index: 1, handler: __TI_decompress_none
	index: 2, handler: __TI_zero_init


GLOBAL SYMBOLS: SORTED ALPHABETICALLY BY Name 

address   name                          
-------   ----                          
0000195d  ADC0_InitSWTriggerCh12        
00001963  ADC0_InitSWTriggerCh17_12_16  
00001845  ADC0_InitSWTriggerCh6         
000018b5  ADC0_InitSWTriggerCh67        
00001f5d  ADC14_IRQHandler              
0000195f  ADC_In12                      
00001965  ADC_In17_12_16                
00001895  ADC_In6                       
00001917  ADC_In67                      
00001f5d  AES256_IRQHandler             
00001f5d  BusFault_Handler              
00001f63  C$$EXIT                       
00001f5d  COMP_E0_IRQHandler            
00001f5d  COMP_E1_IRQHandler            
20000628  CPMwait                       
00001f5d  CS_IRQHandler                 
20000641  CURRENT_LEFT_WHEEL_DIRECTION  
20000640  CURRENT_RIGHT_WHEEL_DIRECTION 
20000620  ClockFrequency                
000015d9  Clock_Delay1ms                
000015af  Clock_Delay1us                
0000159b  Clock_GetFreq                 
00001485  Clock_Init48MHz               
20000634  Crystalstable                 
00001f5d  DMA_ERR_IRQHandler            
00001f5d  DMA_INT0_IRQHandler           
00001f5d  DMA_INT1_IRQHandler           
00001f5d  DMA_INT2_IRQHandler           
00001f5d  DMA_INT3_IRQHandler           
00001f5d  DebugMon_Handler              
00001f5d  Default_Handler               
00000ee7  Drive_Motors                  
00000175  EUSCIA0_IRQHandler            
00000175  EUSCIA0_IRQHandler            
00000149  EUSCIA0_InChar                
00000611  EUSCIA0_InString              
000001c9  EUSCIA0_InUDec                
000004c5  EUSCIA0_InUHex                
000000e5  EUSCIA0_Init                  
0000015b  EUSCIA0_OutChar               
000001ab  EUSCIA0_OutString             
0000024d  EUSCIA0_OutUDec               
000003dd  EUSCIA0_OutUDec4              
00000415  EUSCIA0_OutUDec5              
00000451  EUSCIA0_OutUFix1              
00000479  EUSCIA0_OutUFix2              
0000058d  EUSCIA0_OutUHex               
000005f3  EUSCIA0_OutUHex2              
000005d1  EUSCIA0outnibble              
00001f5d  EUSCIA1_IRQHandler            
00001f5d  EUSCIA2_IRQHandler            
00001f5d  EUSCIA3_IRQHandler            
00001f5d  EUSCIB0_IRQHandler            
00001f5d  EUSCIB1_IRQHandler            
00001f5d  EUSCIB2_IRQHandler            
00001f5d  EUSCIB3_IRQHandler            
00001f5d  FLCTL_IRQHandler              
00001f5d  FPU_IRQHandler                
20000558  FSM_States                    
00001f5d  HardFault_Handler             
20000630  IFlags                        
00001665  LaunchPad_Init                
000017c3  LaunchPad_Input               
000017dd  LaunchPad_LED                 
000017fb  LaunchPad_Output              
000011ef  LeftMotor_PWM                 
00001f5d  MemManage_Handler             
20000524  Messagec                      
2000052c  Messageindexc                 
00000eb7  Motor_Backward                
00000e0d  Motor_Forward                 
00000cd9  Motor_Init                    
00000e87  Motor_Left                    
00000e57  Motor_Right                   
00000dfd  Motor_Stop                    
00001f5d  NMI_Handler                   
00001f5d  PCM_IRQHandler                
00001f5d  PORT1_IRQHandler              
00001f5d  PORT2_IRQHandler              
00001f5d  PORT3_IRQHandler              
00001f5d  PORT4_IRQHandler              
00001f5d  PORT5_IRQHandler              
00001f5d  PORT6_IRQHandler              
00001f5d  PSS_IRQHandler                
000010ab  PWM_Duty1                     
000010cb  PWM_Duty2                     
0000118f  PWM_Duty3                     
000011af  PWM_Duty4                     
00000fc1  PWM_Init1                     
00001027  PWM_Init12                    
000010eb  PWM_Init34                    
000009c9  Pause                         
00001f5d  PendSV_Handler                
2000062c  Postwait                      
20000624  Prewait                       
00001f5d  RTC_C_IRQHandler              
00001f51  Reset_Handler                 
000011cf  RightMotor_PWM                
00001d7f  RxFifo0_Get                   
00001d6f  RxFifo0_Init                  
00001d71  RxFifo0_Put                   
00001d8b  RxFifo0_Size                  
00001f5d  SVC_Handler                   
00001f5d  SysTick_Handler               
00001a89  SysTick_Init                  
00001a99  SysTick_Wait                  
00001b0d  SysTick_Wait10ms              
00001abf  SysTick_Wait10us              
00001ae7  SysTick_Wait1us               
2000063c  SystemCoreClock               
0000069d  SystemCoreClockUpdate         
00000911  SystemInit                    
00001f5d  T32_INT1_IRQHandler           
00001f5d  T32_INT2_IRQHandler           
00001f5d  T32_INTC_IRQHandler           
00001bbf  TA0_0_IRQHandler              
00001bbf  TA0_0_IRQHandler              
00001f5d  TA0_N_IRQHandler              
00001ced  TA1_0_IRQHandler              
00001ced  TA1_0_IRQHandler              
00001f5d  TA1_N_IRQHandler              
00001a53  TA2_0_IRQHandler              
00001a53  TA2_0_IRQHandler              
00001f5d  TA2_N_IRQHandler              
00001f5d  TA3_0_IRQHandler              
00001f5d  TA3_N_IRQHandler              
20000530  TimerA0Task                   
00001b45  TimerA0_Init                  
00001ba9  TimerA0_Stop                  
20000534  TimerA1Task                   
00001c8d  TimerA1_Init                  
00001ceb  TimerA1_Stop                  
20000538  TimerA2Task                   
00001a17  TimerA2_Change_Task           
000019b9  TimerA2_Init                  
00001a3f  TimerA2_Stop                  
00001d5f  TxFifo0_Get                   
00001d1d  TxFifo0_Init                  
00001d45  TxFifo0_Put                   
00001d6b  TxFifo0_Size                  
20000400  TxHistogram                   
00001f5d  UsageFault_Handler            
4000480c  WDTCTL_SYM                    
00001f5d  WDT_A_IRQHandler              
20010000  __STACK_END                   
00000200  __STACK_SIZE                  
00000400  __SYSMEM_SIZE                 
00001fe8  __TI_CINIT_Base               
00001ff8  __TI_CINIT_Limit              
00001fd0  __TI_Handler_Table_Base       
00001fdc  __TI_Handler_Table_Limit      
00001e49  __TI_auto_init_nobinit_nopinit
00001d95  __TI_decompress_lzss          
00001f43  __TI_decompress_none          
ffffffff  __TI_pprof_out_hndl           
ffffffff  __TI_prof_data_size           
ffffffff  __TI_prof_data_start          
00000000  __TI_static_base__            
00001f31  __TI_zero_init_nomemset       
00001bf1  __aeabi_memcpy                
00001bf1  __aeabi_memcpy4               
00001bf1  __aeabi_memcpy8               
ffffffff  __binit__                     
ffffffff  __c_args__                    
UNDEFED   __mpu_init                    
2000fe00  __stack                       
00001e8d  _c_int00_noargs               
20000000  _sys_memory                   
UNDEFED   _system_post_cinit            
00001f5f  _system_pre_init              
00001f63  abort                         
000009dd  average_array                 
ffffffff  binit                         
2000053c  center_distance               
00000a1d  convert_sensor_to_distance    
00000bc1  count_down                    
20000642  current_segment               
000015a1  delay                         
00001dfd  distance_to_obj               
00001ec5  down_button                   
00000b23  get_timer_val                 
00000000  interruptVectors              
20000540  left_distance                 
00000be9  main                          
00001bf1  memcpy                        
00001f66  number                        
000012d1  pow                           
20000544  right_distance                
20000548  segment_mapping               
20000638  segment_pin_map               
00001411  segment_update_task           
2000054c  sensor_center                 
20000500  sensor_center_buff            
20000550  sensor_left                   
2000050c  sensor_left_buff              
20000554  sensor_right                  
20000518  sensor_right_buff             
000016dd  set_color                     
000016d5  set_color_red                 
00001391  set_segment_value             
00000b77  setup_alarm                   
00000ad7  setup_buttons                 
00001309  seven_segment_display         
00001249  seven_segment_setup           
00001ee9  start_button                  
00000a73  timerA2_task                  
00000bb5  turn_alarm_off                
00000ba9  turn_alarm_on                 
00001f0d  up_button                     
000013c1  write_to_segment              


GLOBAL SYMBOLS: SORTED BY Symbol Address 

address   name                          
-------   ----                          
00000000  __TI_static_base__            
00000000  interruptVectors              
000000e5  EUSCIA0_Init                  
00000149  EUSCIA0_InChar                
0000015b  EUSCIA0_OutChar               
00000175  EUSCIA0_IRQHandler            
00000175  EUSCIA0_IRQHandler            
000001ab  EUSCIA0_OutString             
000001c9  EUSCIA0_InUDec                
00000200  __STACK_SIZE                  
0000024d  EUSCIA0_OutUDec               
000003dd  EUSCIA0_OutUDec4              
00000400  __SYSMEM_SIZE                 
00000415  EUSCIA0_OutUDec5              
00000451  EUSCIA0_OutUFix1              
00000479  EUSCIA0_OutUFix2              
000004c5  EUSCIA0_InUHex                
0000058d  EUSCIA0_OutUHex               
000005d1  EUSCIA0outnibble              
000005f3  EUSCIA0_OutUHex2              
00000611  EUSCIA0_InString              
0000069d  SystemCoreClockUpdate         
00000911  SystemInit                    
000009c9  Pause                         
000009dd  average_array                 
00000a1d  convert_sensor_to_distance    
00000a73  timerA2_task                  
00000ad7  setup_buttons                 
00000b23  get_timer_val                 
00000b77  setup_alarm                   
00000ba9  turn_alarm_on                 
00000bb5  turn_alarm_off                
00000bc1  count_down                    
00000be9  main                          
00000cd9  Motor_Init                    
00000dfd  Motor_Stop                    
00000e0d  Motor_Forward                 
00000e57  Motor_Right                   
00000e87  Motor_Left                    
00000eb7  Motor_Backward                
00000ee7  Drive_Motors                  
00000fc1  PWM_Init1                     
00001027  PWM_Init12                    
000010ab  PWM_Duty1                     
000010cb  PWM_Duty2                     
000010eb  PWM_Init34                    
0000118f  PWM_Duty3                     
000011af  PWM_Duty4                     
000011cf  RightMotor_PWM                
000011ef  LeftMotor_PWM                 
00001249  seven_segment_setup           
000012d1  pow                           
00001309  seven_segment_display         
00001391  set_segment_value             
000013c1  write_to_segment              
00001411  segment_update_task           
00001485  Clock_Init48MHz               
0000159b  Clock_GetFreq                 
000015a1  delay                         
000015af  Clock_Delay1us                
000015d9  Clock_Delay1ms                
00001665  LaunchPad_Init                
000016d5  set_color_red                 
000016dd  set_color                     
000017c3  LaunchPad_Input               
000017dd  LaunchPad_LED                 
000017fb  LaunchPad_Output              
00001845  ADC0_InitSWTriggerCh6         
00001895  ADC_In6                       
000018b5  ADC0_InitSWTriggerCh67        
00001917  ADC_In67                      
0000195d  ADC0_InitSWTriggerCh12        
0000195f  ADC_In12                      
00001963  ADC0_InitSWTriggerCh17_12_16  
00001965  ADC_In17_12_16                
000019b9  TimerA2_Init                  
00001a17  TimerA2_Change_Task           
00001a3f  TimerA2_Stop                  
00001a53  TA2_0_IRQHandler              
00001a53  TA2_0_IRQHandler              
00001a89  SysTick_Init                  
00001a99  SysTick_Wait                  
00001abf  SysTick_Wait10us              
00001ae7  SysTick_Wait1us               
00001b0d  SysTick_Wait10ms              
00001b45  TimerA0_Init                  
00001ba9  TimerA0_Stop                  
00001bbf  TA0_0_IRQHandler              
00001bbf  TA0_0_IRQHandler              
00001bf1  __aeabi_memcpy                
00001bf1  __aeabi_memcpy4               
00001bf1  __aeabi_memcpy8               
00001bf1  memcpy                        
00001c8d  TimerA1_Init                  
00001ceb  TimerA1_Stop                  
00001ced  TA1_0_IRQHandler              
00001ced  TA1_0_IRQHandler              
00001d1d  TxFifo0_Init                  
00001d45  TxFifo0_Put                   
00001d5f  TxFifo0_Get                   
00001d6b  TxFifo0_Size                  
00001d6f  RxFifo0_Init                  
00001d71  RxFifo0_Put                   
00001d7f  RxFifo0_Get                   
00001d8b  RxFifo0_Size                  
00001d95  __TI_decompress_lzss          
00001dfd  distance_to_obj               
00001e49  __TI_auto_init_nobinit_nopinit
00001e8d  _c_int00_noargs               
00001ec5  down_button                   
00001ee9  start_button                  
00001f0d  up_button                     
00001f31  __TI_zero_init_nomemset       
00001f43  __TI_decompress_none          
00001f51  Reset_Handler                 
00001f5d  ADC14_IRQHandler              
00001f5d  AES256_IRQHandler             
00001f5d  BusFault_Handler              
00001f5d  COMP_E0_IRQHandler            
00001f5d  COMP_E1_IRQHandler            
00001f5d  CS_IRQHandler                 
00001f5d  DMA_ERR_IRQHandler            
00001f5d  DMA_INT0_IRQHandler           
00001f5d  DMA_INT1_IRQHandler           
00001f5d  DMA_INT2_IRQHandler           
00001f5d  DMA_INT3_IRQHandler           
00001f5d  DebugMon_Handler              
00001f5d  Default_Handler               
00001f5d  EUSCIA1_IRQHandler            
00001f5d  EUSCIA2_IRQHandler            
00001f5d  EUSCIA3_IRQHandler            
00001f5d  EUSCIB0_IRQHandler            
00001f5d  EUSCIB1_IRQHandler            
00001f5d  EUSCIB2_IRQHandler            
00001f5d  EUSCIB3_IRQHandler            
00001f5d  FLCTL_IRQHandler              
00001f5d  FPU_IRQHandler                
00001f5d  HardFault_Handler             
00001f5d  MemManage_Handler             
00001f5d  NMI_Handler                   
00001f5d  PCM_IRQHandler                
00001f5d  PORT1_IRQHandler              
00001f5d  PORT2_IRQHandler              
00001f5d  PORT3_IRQHandler              
00001f5d  PORT4_IRQHandler              
00001f5d  PORT5_IRQHandler              
00001f5d  PORT6_IRQHandler              
00001f5d  PSS_IRQHandler                
00001f5d  PendSV_Handler                
00001f5d  RTC_C_IRQHandler              
00001f5d  SVC_Handler                   
00001f5d  SysTick_Handler               
00001f5d  T32_INT1_IRQHandler           
00001f5d  T32_INT2_IRQHandler           
00001f5d  T32_INTC_IRQHandler           
00001f5d  TA0_N_IRQHandler              
00001f5d  TA1_N_IRQHandler              
00001f5d  TA2_N_IRQHandler              
00001f5d  TA3_0_IRQHandler              
00001f5d  TA3_N_IRQHandler              
00001f5d  UsageFault_Handler            
00001f5d  WDT_A_IRQHandler              
00001f5f  _system_pre_init              
00001f63  C$$EXIT                       
00001f63  abort                         
00001f66  number                        
00001fd0  __TI_Handler_Table_Base       
00001fdc  __TI_Handler_Table_Limit      
00001fe8  __TI_CINIT_Base               
00001ff8  __TI_CINIT_Limit              
20000000  _sys_memory                   
20000400  TxHistogram                   
20000500  sensor_center_buff            
2000050c  sensor_left_buff              
20000518  sensor_right_buff             
20000524  Messagec                      
2000052c  Messageindexc                 
20000530  TimerA0Task                   
20000534  TimerA1Task                   
20000538  TimerA2Task                   
2000053c  center_distance               
20000540  left_distance                 
20000544  right_distance                
20000548  segment_mapping               
2000054c  sensor_center                 
20000550  sensor_left                   
20000554  sensor_right                  
20000558  FSM_States                    
20000620  ClockFrequency                
20000624  Prewait                       
20000628  CPMwait                       
2000062c  Postwait                      
20000630  IFlags                        
20000634  Crystalstable                 
20000638  segment_pin_map               
2000063c  SystemCoreClock               
20000640  CURRENT_RIGHT_WHEEL_DIRECTION 
20000641  CURRENT_LEFT_WHEEL_DIRECTION  
20000642  current_segment               
2000fe00  __stack                       
20010000  __STACK_END                   
4000480c  WDTCTL_SYM                    
ffffffff  __TI_pprof_out_hndl           
ffffffff  __TI_prof_data_size           
ffffffff  __TI_prof_data_start          
ffffffff  __binit__                     
ffffffff  __c_args__                    
ffffffff  binit                         
UNDEFED   __mpu_init                    
UNDEFED   _system_post_cinit            

[210 symbols]
