******************************************************************************
                  TI ARM Linker Unix v18.1.4                   
******************************************************************************
>> Linked Sun Nov 17 14:15:17 2019

OUTPUT FILE NAME:   <Lab12_Motors.out>
ENTRY POINT SYMBOL: "_c_int00_noargs"  address: 00001f41


MEMORY CONFIGURATION

         name            origin    length      used     unused   attr    fill
----------------------  --------  ---------  --------  --------  ----  --------
  MAIN                  00000000   00040000  000020ac  0003df54  R  X
  INFO                  00200000   00004000  00000000  00004000  R  X
  SRAM_CODE             01000000   00010000  00000844  0000f7bc  RW X
  SRAM_DATA             20000000   00010000  00000844  0000f7bc  RW  


SEGMENT ALLOCATION MAP

run origin  load origin   length   init length attrs members
----------  ----------- ---------- ----------- ----- -------
00000000    00000000    000020b0   000020b0    r-x
  00000000    00000000    000000e4   000000e4    r-- .intvecs
  000000e4    000000e4    00001f36   00001f36    r-x .text
  0000201a    0000201a    0000000a   0000000a    r-- .const
  00002028    00002028    00000088   00000088    r-- .cinit
20000000    20000000    00000644   00000000    rw-
  20000000    20000000    00000400   00000000    rw- .sysmem
  20000400    20000400    00000158   00000000    rw- .bss
  20000558    20000558    000000ec   00000000    rw- .data
2000fe00    2000fe00    00000200   00000000    rw-
  2000fe00    2000fe00    00000200   00000000    rw- .stack


SECTION ALLOCATION MAP

 output                                  attributes/
section   page    origin      length       input sections
--------  ----  ----------  ----------   ----------------
.intvecs   0    00000000    000000e4     
                  00000000    000000e4     startup_msp432p401r_ccs.obj (.intvecs:retain)

.text      0    000000e4    00001f36     
                  000000e4    000005b6     EUSCIA0.obj (.text)
                  0000069a    00000002     --HOLE-- [fill = 0]
                  0000069c    000003c4     Lab12_Motorsmain.obj (.text)
                  00000a60    0000032c     system_msp432p401r.obj (.text)
                  00000d8c    000002e8     Motor.obj (.text)
                  00001074    00000288     PWM.obj (.text)
                  000012fc    0000023c     SevenSegment.obj (.text)
                  00001538    000001e0     Clock.obj (.text)
                  00001718    000001e0     LaunchPad.obj (.text)
                  000018f8    00000174     ADC14.obj (.text)
                  00001a6c    000000d0     TimerA2.obj (.text)
                  00001b3c    000000bc     SysTick.obj (.text)
                  00001bf8    000000ac     TimerA0.obj (.text)
                  00001ca4    0000009c     rtsv7M4_T_le_v4SPD16_eabi.lib : memcpy_t2.asm.obj (.text)
                  00001d40    00000090     TimerA1.obj (.text)
                  00001dd0    00000078     FIFO0.obj (.text)
                  00001e48    00000068     rtsv7M4_T_le_v4SPD16_eabi.lib : copy_decompress_lzss.c.obj (.text:decompress:lzss:__TI_decompress_lzss)
                  00001eb0    0000004c     fsm.obj (.text)
                  00001efc    00000044     rtsv7M4_T_le_v4SPD16_eabi.lib : autoinit.c.obj (.text:__TI_auto_init_nobinit_nopinit:__TI_auto_init_nobinit_nopinit)
                  00001f40    00000038                                   : boot_cortex_m.c.obj (.text:_c_int00_noargs:_c_int00_noargs)
                  00001f78    00000024     Lab12_Motorsmain.obj (.text:down_button)
                  00001f9c    00000024     Lab12_Motorsmain.obj (.text:start_button)
                  00001fc0    00000024     Lab12_Motorsmain.obj (.text:up_button)
                  00001fe4    00000012     rtsv7M4_T_le_v4SPD16_eabi.lib : copy_zero_init.c.obj (.text:decompress:ZI:__TI_zero_init_nomemset:__TI_zero_init_nomemset)
                  00001ff6    0000000e                                   : copy_decompress_none.c.obj (.text:decompress:none:__TI_decompress_none)
                  00002004    0000000e     startup_msp432p401r_ccs.obj (.text)
                  00002012    00000004     rtsv7M4_T_le_v4SPD16_eabi.lib : pre_init.c.obj (.text:_system_pre_init)
                  00002016    00000004                                   : exit.c.obj (.text:abort:abort)

.const     0    0000201a    0000000a     
                  0000201a    0000000a     SevenSegment.obj (.const:.string:number)

.cinit     0    00002028    00000088     
                  00002028    00000060     (.cinit..data.load) [load image, compression = lzss]
                  00002088    0000000c     (__TI_handler_table)
                  00002094    00000004     --HOLE-- [fill = 0]
                  00002098    00000008     (.cinit..bss.load) [load image, compression = zero_init]
                  000020a0    00000010     (__TI_cinit_table)

.init_array 
*          0    00000000    00000000     UNINITIALIZED

.binit     0    00000000    00000000     

.sysmem    0    20000000    00000400     UNINITIALIZED
                  20000000    00000008     rtsv7M4_T_le_v4SPD16_eabi.lib : memory.c.obj (.sysmem)
                  20000008    000003f8     --HOLE--

.bss       0    20000400    00000158     UNINITIALIZED
                  20000400    00000100     (.common:TxHistogram)
                  20000500    0000000c     (.common:sensor_center_buff)
                  2000050c    0000000c     (.common:sensor_left_buff)
                  20000518    0000000c     (.common:sensor_right_buff)
                  20000524    00000008     (.common:Messagec)
                  2000052c    00000004     (.common:Messageindexc)
                  20000530    00000004     (.common:TimerA0Task)
                  20000534    00000004     (.common:TimerA1Task)
                  20000538    00000004     (.common:TimerA2Task)
                  2000053c    00000004     (.common:center_distance)
                  20000540    00000004     (.common:left_distance)
                  20000544    00000004     (.common:right_distance)
                  20000548    00000004     (.common:segment_mapping)
                  2000054c    00000004     (.common:sensor_center)
                  20000550    00000004     (.common:sensor_left)
                  20000554    00000004     (.common:sensor_right)

.data      0    20000558    000000ec     UNINITIALIZED
                  20000558    000000c8     fsm.obj (.data:FSM_States)
                  20000620    00000018     Clock.obj (.data)
                  20000638    00000004     SevenSegment.obj (.data:segment_pin_map)
                  2000063c    00000004     system_msp432p401r.obj (.data)
                  20000640    00000002     Motor.obj (.data)
                  20000642    00000001     Lab12_Motorsmain.obj (.data)
                  20000643    00000001     SevenSegment.obj (.data)

.stack     0    2000fe00    00000200     UNINITIALIZED
                  2000fe00    00000004     rtsv7M4_T_le_v4SPD16_eabi.lib : boot_cortex_m.c.obj (.stack)
                  2000fe04    000001fc     --HOLE--

MODULE SUMMARY

       Module                        code   ro data   rw data
       ------                        ----   -------   -------
    ./
       EUSCIA0.obj                   1462   0         24     
       Lab12_Motorsmain.obj          1072   0         122    
       system_msp432p401r.obj        812    0         8      
       Motor.obj                     744    0         4      
       PWM.obj                       648    0         0      
       FIFO0.obj                     120    0         512    
       SevenSegment.obj              572    10        18     
       Clock.obj                     480    0         48     
       LaunchPad.obj                 480    0         0      
       fsm.obj                       76     0         400    
       ADC14.obj                     372    0         0      
       startup_msp432p401r_ccs.obj   14     228       0      
       TimerA2.obj                   208    0         8      
       SysTick.obj                   188    0         0      
       TimerA0.obj                   172    0         8      
       TimerA1.obj                   144    0         8      
    +--+-----------------------------+------+---------+---------+
       Total:                        7564   238       1160   
                                                             
    /opt/ccstudio/ccsv8/tools/compiler/ti-cgt-arm_18.1.4.LTS/lib/rtsv7M4_T_le_v4SPD16_eabi.lib
       memcpy_t2.asm.obj             156    0         0      
       copy_decompress_lzss.c.obj    104    0         0      
       autoinit.c.obj                68     0         0      
       boot_cortex_m.c.obj           56     0         0      
       copy_zero_init.c.obj          18     0         0      
       copy_decompress_none.c.obj    14     0         0      
       exit.c.obj                    4      0         0      
       pre_init.c.obj                4      0         0      
    +--+-----------------------------+------+---------+---------+
       Total:                        424    0         0      
                                                             
       Heap:                         0      0         2048   
       Stack:                        0      0         1024   
       Linker Generated:             0      132       0      
    +--+-----------------------------+------+---------+---------+
       Grand Total:                  7988   370       4232   


LINKER GENERATED COPY TABLES

__TI_cinit_table @ 000020a0 records: 2, size/record: 8, table size: 16
	.data: load addr=00002028, load size=00000060 bytes, run addr=20000558, run size=000000ec bytes, compression=lzss
	.bss: load addr=00002098, load size=00000008 bytes, run addr=20000400, run size=00000158 bytes, compression=zero_init


LINKER GENERATED HANDLER TABLE

__TI_handler_table @ 00002088 records: 3, size/record: 4, table size: 12
	index: 0, handler: __TI_decompress_lzss
	index: 1, handler: __TI_decompress_none
	index: 2, handler: __TI_zero_init


GLOBAL SYMBOLS: SORTED ALPHABETICALLY BY Name 

address   name                          
-------   ----                          
00001a11  ADC0_InitSWTriggerCh12        
00001a17  ADC0_InitSWTriggerCh17_12_16  
000018f9  ADC0_InitSWTriggerCh6         
00001969  ADC0_InitSWTriggerCh67        
00002011  ADC14_IRQHandler              
00001a13  ADC_In12                      
00001a19  ADC_In17_12_16                
00001949  ADC_In6                       
000019cb  ADC_In67                      
00002011  AES256_IRQHandler             
00002011  BusFault_Handler              
00002017  C$$EXIT                       
00002011  COMP_E0_IRQHandler            
00002011  COMP_E1_IRQHandler            
20000628  CPMwait                       
00002011  CS_IRQHandler                 
20000641  CURRENT_LEFT_WHEEL_DIRECTION  
20000640  CURRENT_RIGHT_WHEEL_DIRECTION 
20000620  ClockFrequency                
0000168d  Clock_Delay1ms                
00001663  Clock_Delay1us                
0000164f  Clock_GetFreq                 
00001539  Clock_Init48MHz               
20000634  Crystalstable                 
00002011  DMA_ERR_IRQHandler            
00002011  DMA_INT0_IRQHandler           
00002011  DMA_INT1_IRQHandler           
00002011  DMA_INT2_IRQHandler           
00002011  DMA_INT3_IRQHandler           
00002011  DebugMon_Handler              
00002011  Default_Handler               
00000f9b  Drive_Motors                  
00000175  EUSCIA0_IRQHandler            
00000175  EUSCIA0_IRQHandler            
00000149  EUSCIA0_InChar                
00000611  EUSCIA0_InString              
000001c9  EUSCIA0_InUDec                
000004c5  EUSCIA0_InUHex                
000000e5  EUSCIA0_Init                  
0000015b  EUSCIA0_OutChar               
000001ab  EUSCIA0_OutString             
0000024d  EUSCIA0_OutUDec               
000003dd  EUSCIA0_OutUDec4              
00000415  EUSCIA0_OutUDec5              
00000451  EUSCIA0_OutUFix1              
00000479  EUSCIA0_OutUFix2              
0000058d  EUSCIA0_OutUHex               
000005f3  EUSCIA0_OutUHex2              
000005d1  EUSCIA0outnibble              
00002011  EUSCIA1_IRQHandler            
00002011  EUSCIA2_IRQHandler            
00002011  EUSCIA3_IRQHandler            
00002011  EUSCIB0_IRQHandler            
00002011  EUSCIB1_IRQHandler            
00002011  EUSCIB2_IRQHandler            
00002011  EUSCIB3_IRQHandler            
00002011  FLCTL_IRQHandler              
00002011  FPU_IRQHandler                
20000558  FSM_States                    
00002011  HardFault_Handler             
20000630  IFlags                        
00001719  LaunchPad_Init                
00001877  LaunchPad_Input               
00001891  LaunchPad_LED                 
000018af  LaunchPad_Output              
000012a3  LeftMotor_PWM                 
00002011  MemManage_Handler             
20000524  Messagec                      
2000052c  Messageindexc                 
00000f6b  Motor_Backward                
00000ec1  Motor_Forward                 
00000d8d  Motor_Init                    
00000f3b  Motor_Left                    
00000f0b  Motor_Right                   
00000eb1  Motor_Stop                    
00002011  NMI_Handler                   
00002011  PCM_IRQHandler                
00002011  PORT1_IRQHandler              
00002011  PORT2_IRQHandler              
00002011  PORT3_IRQHandler              
000008ad  PORT4_IRQHandler              
000008ad  PORT4_IRQHandler              
00002011  PORT5_IRQHandler              
00002011  PORT6_IRQHandler              
00002011  PSS_IRQHandler                
0000115f  PWM_Duty1                     
0000117f  PWM_Duty2                     
00001243  PWM_Duty3                     
00001263  PWM_Duty4                     
00001075  PWM_Init1                     
000010db  PWM_Init12                    
0000119f  PWM_Init34                    
0000069d  Pause                         
00002011  PendSV_Handler                
2000062c  Postwait                      
20000624  Prewait                       
00002011  RTC_C_IRQHandler              
00002005  Reset_Handler                 
00001283  RightMotor_PWM                
00001e33  RxFifo0_Get                   
00001e23  RxFifo0_Init                  
00001e25  RxFifo0_Put                   
00001e3f  RxFifo0_Size                  
00002011  SVC_Handler                   
00002011  SysTick_Handler               
00001b3d  SysTick_Init                  
00001b4d  SysTick_Wait                  
00001bc1  SysTick_Wait10ms              
00001b73  SysTick_Wait10us              
00001b9b  SysTick_Wait1us               
2000063c  SystemCoreClock               
00000a61  SystemCoreClockUpdate         
00000cd5  SystemInit                    
00002011  T32_INT1_IRQHandler           
00002011  T32_INT2_IRQHandler           
00002011  T32_INTC_IRQHandler           
00001c73  TA0_0_IRQHandler              
00001c73  TA0_0_IRQHandler              
00002011  TA0_N_IRQHandler              
00001da1  TA1_0_IRQHandler              
00001da1  TA1_0_IRQHandler              
00002011  TA1_N_IRQHandler              
00001b07  TA2_0_IRQHandler              
00001b07  TA2_0_IRQHandler              
00002011  TA2_N_IRQHandler              
00002011  TA3_0_IRQHandler              
00002011  TA3_N_IRQHandler              
20000530  TimerA0Task                   
00001bf9  TimerA0_Init                  
00001c5d  TimerA0_Stop                  
20000534  TimerA1Task                   
00001d41  TimerA1_Init                  
00001d9f  TimerA1_Stop                  
20000538  TimerA2Task                   
00001acb  TimerA2_Change_Task           
00001a6d  TimerA2_Init                  
00001af3  TimerA2_Stop                  
00001e13  TxFifo0_Get                   
00001dd1  TxFifo0_Init                  
00001df9  TxFifo0_Put                   
00001e1f  TxFifo0_Size                  
20000400  TxHistogram                   
00002011  UsageFault_Handler            
4000480c  WDTCTL_SYM                    
00002011  WDT_A_IRQHandler              
20010000  __STACK_END                   
00000200  __STACK_SIZE                  
00000400  __SYSMEM_SIZE                 
000020a0  __TI_CINIT_Base               
000020b0  __TI_CINIT_Limit              
00002088  __TI_Handler_Table_Base       
00002094  __TI_Handler_Table_Limit      
00001efd  __TI_auto_init_nobinit_nopinit
00001e49  __TI_decompress_lzss          
00001ff7  __TI_decompress_none          
ffffffff  __TI_pprof_out_hndl           
ffffffff  __TI_prof_data_size           
ffffffff  __TI_prof_data_start          
00000000  __TI_static_base__            
00001fe5  __TI_zero_init_nomemset       
00001ca5  __aeabi_memcpy                
00001ca5  __aeabi_memcpy4               
00001ca5  __aeabi_memcpy8               
ffffffff  __binit__                     
ffffffff  __c_args__                    
UNDEFED   __mpu_init                    
2000fe00  __stack                       
00001f41  _c_int00_noargs               
20000000  _sys_memory                   
UNDEFED   _system_post_cinit            
00002013  _system_pre_init              
00002017  abort                         
20000642  alarming                      
000006b1  average_array                 
ffffffff  binit                         
0000084b  button_task                   
2000053c  center_distance               
000006f1  convert_sensor_to_distance    
00000905  count_down                    
20000643  current_segment               
00001655  delay                         
00000889  disable_stop_button           
00001eb1  distance_to_obj               
00001f79  down_button                   
0000089b  enable_stop_button            
000007f7  get_timer_val                 
00000000  interruptVectors              
20000540  left_distance                 
0000092d  main                          
00001ca5  memcpy                        
0000201a  number                        
00001385  pow                           
20000544  right_distance                
20000548  segment_mapping               
20000638  segment_pin_map               
000014c5  segment_update_task           
2000054c  sensor_center                 
20000500  sensor_center_buff            
20000550  sensor_left                   
2000050c  sensor_left_buff              
20000554  sensor_right                  
20000518  sensor_right_buff             
00001791  set_color                     
00001789  set_color_red                 
00001445  set_segment_value             
000008bb  setup_alarm                   
000007ab  setup_buttons                 
00000853  setup_stop_button             
000013bd  seven_segment_display         
000012fd  seven_segment_setup           
00001f9d  start_button                  
00000747  timerA2_task                  
000008f9  turn_alarm_off                
000008ed  turn_alarm_on                 
00001fc1  up_button                     
00001475  write_to_segment              


GLOBAL SYMBOLS: SORTED BY Symbol Address 

address   name                          
-------   ----                          
00000000  __TI_static_base__            
00000000  interruptVectors              
000000e5  EUSCIA0_Init                  
00000149  EUSCIA0_InChar                
0000015b  EUSCIA0_OutChar               
00000175  EUSCIA0_IRQHandler            
00000175  EUSCIA0_IRQHandler            
000001ab  EUSCIA0_OutString             
000001c9  EUSCIA0_InUDec                
00000200  __STACK_SIZE                  
0000024d  EUSCIA0_OutUDec               
000003dd  EUSCIA0_OutUDec4              
00000400  __SYSMEM_SIZE                 
00000415  EUSCIA0_OutUDec5              
00000451  EUSCIA0_OutUFix1              
00000479  EUSCIA0_OutUFix2              
000004c5  EUSCIA0_InUHex                
0000058d  EUSCIA0_OutUHex               
000005d1  EUSCIA0outnibble              
000005f3  EUSCIA0_OutUHex2              
00000611  EUSCIA0_InString              
0000069d  Pause                         
000006b1  average_array                 
000006f1  convert_sensor_to_distance    
00000747  timerA2_task                  
000007ab  setup_buttons                 
000007f7  get_timer_val                 
0000084b  button_task                   
00000853  setup_stop_button             
00000889  disable_stop_button           
0000089b  enable_stop_button            
000008ad  PORT4_IRQHandler              
000008ad  PORT4_IRQHandler              
000008bb  setup_alarm                   
000008ed  turn_alarm_on                 
000008f9  turn_alarm_off                
00000905  count_down                    
0000092d  main                          
00000a61  SystemCoreClockUpdate         
00000cd5  SystemInit                    
00000d8d  Motor_Init                    
00000eb1  Motor_Stop                    
00000ec1  Motor_Forward                 
00000f0b  Motor_Right                   
00000f3b  Motor_Left                    
00000f6b  Motor_Backward                
00000f9b  Drive_Motors                  
00001075  PWM_Init1                     
000010db  PWM_Init12                    
0000115f  PWM_Duty1                     
0000117f  PWM_Duty2                     
0000119f  PWM_Init34                    
00001243  PWM_Duty3                     
00001263  PWM_Duty4                     
00001283  RightMotor_PWM                
000012a3  LeftMotor_PWM                 
000012fd  seven_segment_setup           
00001385  pow                           
000013bd  seven_segment_display         
00001445  set_segment_value             
00001475  write_to_segment              
000014c5  segment_update_task           
00001539  Clock_Init48MHz               
0000164f  Clock_GetFreq                 
00001655  delay                         
00001663  Clock_Delay1us                
0000168d  Clock_Delay1ms                
00001719  LaunchPad_Init                
00001789  set_color_red                 
00001791  set_color                     
00001877  LaunchPad_Input               
00001891  LaunchPad_LED                 
000018af  LaunchPad_Output              
000018f9  ADC0_InitSWTriggerCh6         
00001949  ADC_In6                       
00001969  ADC0_InitSWTriggerCh67        
000019cb  ADC_In67                      
00001a11  ADC0_InitSWTriggerCh12        
00001a13  ADC_In12                      
00001a17  ADC0_InitSWTriggerCh17_12_16  
00001a19  ADC_In17_12_16                
00001a6d  TimerA2_Init                  
00001acb  TimerA2_Change_Task           
00001af3  TimerA2_Stop                  
00001b07  TA2_0_IRQHandler              
00001b07  TA2_0_IRQHandler              
00001b3d  SysTick_Init                  
00001b4d  SysTick_Wait                  
00001b73  SysTick_Wait10us              
00001b9b  SysTick_Wait1us               
00001bc1  SysTick_Wait10ms              
00001bf9  TimerA0_Init                  
00001c5d  TimerA0_Stop                  
00001c73  TA0_0_IRQHandler              
00001c73  TA0_0_IRQHandler              
00001ca5  __aeabi_memcpy                
00001ca5  __aeabi_memcpy4               
00001ca5  __aeabi_memcpy8               
00001ca5  memcpy                        
00001d41  TimerA1_Init                  
00001d9f  TimerA1_Stop                  
00001da1  TA1_0_IRQHandler              
00001da1  TA1_0_IRQHandler              
00001dd1  TxFifo0_Init                  
00001df9  TxFifo0_Put                   
00001e13  TxFifo0_Get                   
00001e1f  TxFifo0_Size                  
00001e23  RxFifo0_Init                  
00001e25  RxFifo0_Put                   
00001e33  RxFifo0_Get                   
00001e3f  RxFifo0_Size                  
00001e49  __TI_decompress_lzss          
00001eb1  distance_to_obj               
00001efd  __TI_auto_init_nobinit_nopinit
00001f41  _c_int00_noargs               
00001f79  down_button                   
00001f9d  start_button                  
00001fc1  up_button                     
00001fe5  __TI_zero_init_nomemset       
00001ff7  __TI_decompress_none          
00002005  Reset_Handler                 
00002011  ADC14_IRQHandler              
00002011  AES256_IRQHandler             
00002011  BusFault_Handler              
00002011  COMP_E0_IRQHandler            
00002011  COMP_E1_IRQHandler            
00002011  CS_IRQHandler                 
00002011  DMA_ERR_IRQHandler            
00002011  DMA_INT0_IRQHandler           
00002011  DMA_INT1_IRQHandler           
00002011  DMA_INT2_IRQHandler           
00002011  DMA_INT3_IRQHandler           
00002011  DebugMon_Handler              
00002011  Default_Handler               
00002011  EUSCIA1_IRQHandler            
00002011  EUSCIA2_IRQHandler            
00002011  EUSCIA3_IRQHandler            
00002011  EUSCIB0_IRQHandler            
00002011  EUSCIB1_IRQHandler            
00002011  EUSCIB2_IRQHandler            
00002011  EUSCIB3_IRQHandler            
00002011  FLCTL_IRQHandler              
00002011  FPU_IRQHandler                
00002011  HardFault_Handler             
00002011  MemManage_Handler             
00002011  NMI_Handler                   
00002011  PCM_IRQHandler                
00002011  PORT1_IRQHandler              
00002011  PORT2_IRQHandler              
00002011  PORT3_IRQHandler              
00002011  PORT5_IRQHandler              
00002011  PORT6_IRQHandler              
00002011  PSS_IRQHandler                
00002011  PendSV_Handler                
00002011  RTC_C_IRQHandler              
00002011  SVC_Handler                   
00002011  SysTick_Handler               
00002011  T32_INT1_IRQHandler           
00002011  T32_INT2_IRQHandler           
00002011  T32_INTC_IRQHandler           
00002011  TA0_N_IRQHandler              
00002011  TA1_N_IRQHandler              
00002011  TA2_N_IRQHandler              
00002011  TA3_0_IRQHandler              
00002011  TA3_N_IRQHandler              
00002011  UsageFault_Handler            
00002011  WDT_A_IRQHandler              
00002013  _system_pre_init              
00002017  C$$EXIT                       
00002017  abort                         
0000201a  number                        
00002088  __TI_Handler_Table_Base       
00002094  __TI_Handler_Table_Limit      
000020a0  __TI_CINIT_Base               
000020b0  __TI_CINIT_Limit              
20000000  _sys_memory                   
20000400  TxHistogram                   
20000500  sensor_center_buff            
2000050c  sensor_left_buff              
20000518  sensor_right_buff             
20000524  Messagec                      
2000052c  Messageindexc                 
20000530  TimerA0Task                   
20000534  TimerA1Task                   
20000538  TimerA2Task                   
2000053c  center_distance               
20000540  left_distance                 
20000544  right_distance                
20000548  segment_mapping               
2000054c  sensor_center                 
20000550  sensor_left                   
20000554  sensor_right                  
20000558  FSM_States                    
20000620  ClockFrequency                
20000624  Prewait                       
20000628  CPMwait                       
2000062c  Postwait                      
20000630  IFlags                        
20000634  Crystalstable                 
20000638  segment_pin_map               
2000063c  SystemCoreClock               
20000640  CURRENT_RIGHT_WHEEL_DIRECTION 
20000641  CURRENT_LEFT_WHEEL_DIRECTION  
20000642  alarming                      
20000643  current_segment               
2000fe00  __stack                       
20010000  __STACK_END                   
4000480c  WDTCTL_SYM                    
ffffffff  __TI_pprof_out_hndl           
ffffffff  __TI_prof_data_size           
ffffffff  __TI_prof_data_start          
ffffffff  __binit__                     
ffffffff  __c_args__                    
ffffffff  binit                         
UNDEFED   __mpu_init                    
UNDEFED   _system_post_cinit            

[216 symbols]
