******************************************************************************
                  TI ARM Linker Unix v18.1.4                   
******************************************************************************
>> Linked Thu Nov 14 16:53:01 2019

OUTPUT FILE NAME:   <Lab12_Motors.out>
ENTRY POINT SYMBOL: "_c_int00_noargs"  address: 0000166d


MEMORY CONFIGURATION

         name            origin    length      used     unused   attr    fill
----------------------  --------  ---------  --------  --------  ----  --------
  MAIN                  00000000   00040000  00001712  0003e8ee  R  X
  INFO                  00200000   00004000  00000000  00004000  R  X
  SRAM_CODE             01000000   00010000  0000072a  0000f8d6  RW X
  SRAM_DATA             20000000   00010000  0000072a  0000f8d6  RW  


SEGMENT ALLOCATION MAP

run origin  load origin   length   init length attrs members
----------  ----------- ---------- ----------- ----- -------
00000000    00000000    00001718   00001718    r-x
  00000000    00000000    000000e4   000000e4    r-- .intvecs
  000000e4    000000e4    000015f6   000015f6    r-x .text
  000016e0    000016e0    00000038   00000038    r-- .cinit
20000000    20000000    0000052a   00000000    rw-
  20000000    20000000    00000400   00000000    rw- .sysmem
  20000400    20000400    0000010c   00000000    rw- .bss
  2000050c    2000050c    0000001e   00000000    rw- .data
2000fe00    2000fe00    00000200   00000000    rw-
  2000fe00    2000fe00    00000200   00000000    rw- .stack


SECTION ALLOCATION MAP

 output                                  attributes/
section   page    origin      length       input sections
--------  ----  ----------  ----------   ----------------
.intvecs   0    00000000    000000e4     
                  00000000    000000e4     startup_msp432p401r_ccs.obj (.intvecs:retain)

.text      0    000000e4    000015f6     
                  000000e4    000005b6     EUSCIA0.obj (.text)
                  0000069a    00000002     --HOLE-- [fill = 0]
                  0000069c    0000032c     system_msp432p401r.obj (.text)
                  000009c8    000002e8     Motor.obj (.text)
                  00000cb0    00000288     PWM.obj (.text)
                  00000f38    000001e0     Clock.obj (.text)
                  00001118    000001e0     LaunchPad.obj (.text)
                  000012f8    000000f8     Lab12_Motorsmain.obj (.text)
                  000013f0    000000bc     SysTick.obj (.text)
                  000014ac    0000009c     rtsv7M4_T_le_v4SPD16_eabi.lib : memcpy_t2.asm.obj (.text)
                  00001548    00000078     FIFO0.obj (.text)
                  000015c0    00000068     rtsv7M4_T_le_v4SPD16_eabi.lib : copy_decompress_lzss.c.obj (.text:decompress:lzss:__TI_decompress_lzss)
                  00001628    00000044                                   : autoinit.c.obj (.text:__TI_auto_init_nobinit_nopinit:__TI_auto_init_nobinit_nopinit)
                  0000166c    00000038                                   : boot_cortex_m.c.obj (.text:_c_int00_noargs:_c_int00_noargs)
                  000016a4    00000012                                   : copy_zero_init.c.obj (.text:decompress:ZI:__TI_zero_init_nomemset:__TI_zero_init_nomemset)
                  000016b6    0000000e                                   : copy_decompress_none.c.obj (.text:decompress:none:__TI_decompress_none)
                  000016c4    0000000e     startup_msp432p401r_ccs.obj (.text)
                  000016d2    00000004     rtsv7M4_T_le_v4SPD16_eabi.lib : pre_init.c.obj (.text:_system_pre_init)
                  000016d6    00000004                                   : exit.c.obj (.text:abort:abort)

.cinit     0    000016e0    00000038     
                  000016e0    00000010     (.cinit..data.load) [load image, compression = lzss]
                  000016f0    0000000c     (__TI_handler_table)
                  000016fc    00000004     --HOLE-- [fill = 0]
                  00001700    00000008     (.cinit..bss.load) [load image, compression = zero_init]
                  00001708    00000010     (__TI_cinit_table)

.init_array 
*          0    00000000    00000000     UNINITIALIZED

.binit     0    00000000    00000000     

.sysmem    0    20000000    00000400     UNINITIALIZED
                  20000000    00000008     rtsv7M4_T_le_v4SPD16_eabi.lib : memory.c.obj (.sysmem)
                  20000008    000003f8     --HOLE--

.bss       0    20000400    0000010c     UNINITIALIZED
                  20000400    00000100     (.common:TxHistogram)
                  20000500    00000008     (.common:Messagec)
                  20000508    00000004     (.common:Messageindexc)

.data      0    2000050c    0000001e     UNINITIALIZED
                  2000050c    00000018     Clock.obj (.data)
                  20000524    00000004     system_msp432p401r.obj (.data)
                  20000528    00000002     Motor.obj (.data)

.stack     0    2000fe00    00000200     UNINITIALIZED
                  2000fe00    00000004     rtsv7M4_T_le_v4SPD16_eabi.lib : boot_cortex_m.c.obj (.stack)
                  2000fe04    000001fc     --HOLE--

MODULE SUMMARY

       Module                        code   ro data   rw data
       ------                        ----   -------   -------
    ./
       EUSCIA0.obj                   1462   0         24     
       system_msp432p401r.obj        812    0         8      
       Motor.obj                     744    0         4      
       PWM.obj                       648    0         0      
       FIFO0.obj                     120    0         512    
       Clock.obj                     480    0         48     
       LaunchPad.obj                 480    0         0      
       Lab12_Motorsmain.obj          248    0         0      
       startup_msp432p401r_ccs.obj   14     228       0      
       SysTick.obj                   188    0         0      
    +--+-----------------------------+------+---------+---------+
       Total:                        5196   228       596    
                                                             
    /opt/ccstudio/ccsv8/tools/compiler/ti-cgt-arm_18.1.4.LTS/lib/rtsv7M4_T_le_v4SPD16_eabi.lib
       memcpy_t2.asm.obj             156    0         0      
       copy_decompress_lzss.c.obj    104    0         0      
       autoinit.c.obj                68     0         0      
       boot_cortex_m.c.obj           56     0         0      
       copy_zero_init.c.obj          18     0         0      
       copy_decompress_none.c.obj    14     0         0      
       exit.c.obj                    4      0         0      
       pre_init.c.obj                4      0         0      
    +--+-----------------------------+------+---------+---------+
       Total:                        424    0         0      
                                                             
       Heap:                         0      0         2048   
       Stack:                        0      0         1024   
       Linker Generated:             0      52        0      
    +--+-----------------------------+------+---------+---------+
       Grand Total:                  5620   280       3668   


LINKER GENERATED COPY TABLES

__TI_cinit_table @ 00001708 records: 2, size/record: 8, table size: 16
	.data: load addr=000016e0, load size=00000010 bytes, run addr=2000050c, run size=0000001e bytes, compression=lzss
	.bss: load addr=00001700, load size=00000008 bytes, run addr=20000400, run size=0000010c bytes, compression=zero_init


LINKER GENERATED HANDLER TABLE

__TI_handler_table @ 000016f0 records: 3, size/record: 4, table size: 12
	index: 0, handler: __TI_decompress_lzss
	index: 1, handler: __TI_decompress_none
	index: 2, handler: __TI_zero_init


GLOBAL SYMBOLS: SORTED ALPHABETICALLY BY Name 

address   name                          
-------   ----                          
000016d1  ADC14_IRQHandler              
000016d1  AES256_IRQHandler             
000016d1  BusFault_Handler              
000016d7  C$$EXIT                       
000016d1  COMP_E0_IRQHandler            
000016d1  COMP_E1_IRQHandler            
20000514  CPMwait                       
000016d1  CS_IRQHandler                 
20000529  CURRENT_LEFT_WHEEL_DIRECTION  
20000528  CURRENT_RIGHT_WHEEL_DIRECTION 
2000050c  ClockFrequency                
0000108d  Clock_Delay1ms                
00001063  Clock_Delay1us                
0000104f  Clock_GetFreq                 
00000f39  Clock_Init48MHz               
20000520  Crystalstable                 
000016d1  DMA_ERR_IRQHandler            
000016d1  DMA_INT0_IRQHandler           
000016d1  DMA_INT1_IRQHandler           
000016d1  DMA_INT2_IRQHandler           
000016d1  DMA_INT3_IRQHandler           
000016d1  DebugMon_Handler              
000016d1  Default_Handler               
00000bd7  Drive_Motors                  
00000175  EUSCIA0_IRQHandler            
00000175  EUSCIA0_IRQHandler            
00000149  EUSCIA0_InChar                
00000611  EUSCIA0_InString              
000001c9  EUSCIA0_InUDec                
000004c5  EUSCIA0_InUHex                
000000e5  EUSCIA0_Init                  
0000015b  EUSCIA0_OutChar               
000001ab  EUSCIA0_OutString             
0000024d  EUSCIA0_OutUDec               
000003dd  EUSCIA0_OutUDec4              
00000415  EUSCIA0_OutUDec5              
00000451  EUSCIA0_OutUFix1              
00000479  EUSCIA0_OutUFix2              
0000058d  EUSCIA0_OutUHex               
000005f3  EUSCIA0_OutUHex2              
000005d1  EUSCIA0outnibble              
000016d1  EUSCIA1_IRQHandler            
000016d1  EUSCIA2_IRQHandler            
000016d1  EUSCIA3_IRQHandler            
000016d1  EUSCIB0_IRQHandler            
000016d1  EUSCIB1_IRQHandler            
000016d1  EUSCIB2_IRQHandler            
000016d1  EUSCIB3_IRQHandler            
000016d1  FLCTL_IRQHandler              
000016d1  FPU_IRQHandler                
000016d1  HardFault_Handler             
2000051c  IFlags                        
00001119  LaunchPad_Init                
00001277  LaunchPad_Input               
00001291  LaunchPad_LED                 
000012af  LaunchPad_Output              
00000edf  LeftMotor_PWM                 
000016d1  MemManage_Handler             
20000500  Messagec                      
20000508  Messageindexc                 
00000ba7  Motor_Backward                
00000afd  Motor_Forward                 
000009c9  Motor_Init                    
00000b77  Motor_Left                    
00000b47  Motor_Right                   
00000aed  Motor_Stop                    
000016d1  NMI_Handler                   
000016d1  PCM_IRQHandler                
000016d1  PORT1_IRQHandler              
000016d1  PORT2_IRQHandler              
000016d1  PORT3_IRQHandler              
000016d1  PORT4_IRQHandler              
000016d1  PORT5_IRQHandler              
000016d1  PORT6_IRQHandler              
000016d1  PSS_IRQHandler                
00000d9b  PWM_Duty1                     
00000dbb  PWM_Duty2                     
00000e7f  PWM_Duty3                     
00000e9f  PWM_Duty4                     
00000cb1  PWM_Init1                     
00000d17  PWM_Init12                    
00000ddb  PWM_Init34                    
000012f9  Pause                         
000016d1  PendSV_Handler                
20000518  Postwait                      
20000510  Prewait                       
000016d1  RTC_C_IRQHandler              
000016c5  Reset_Handler                 
00000ebf  RightMotor_PWM                
000015ab  RxFifo0_Get                   
0000159b  RxFifo0_Init                  
0000159d  RxFifo0_Put                   
000015b7  RxFifo0_Size                  
000016d1  SVC_Handler                   
000016d1  SysTick_Handler               
000013f1  SysTick_Init                  
00001401  SysTick_Wait                  
00001475  SysTick_Wait10ms              
00001427  SysTick_Wait10us              
0000144f  SysTick_Wait1us               
20000524  SystemCoreClock               
0000069d  SystemCoreClockUpdate         
00000911  SystemInit                    
000016d1  T32_INT1_IRQHandler           
000016d1  T32_INT2_IRQHandler           
000016d1  T32_INTC_IRQHandler           
000016d1  TA0_0_IRQHandler              
000016d1  TA0_N_IRQHandler              
000016d1  TA1_0_IRQHandler              
000016d1  TA1_N_IRQHandler              
000016d1  TA2_0_IRQHandler              
000016d1  TA2_N_IRQHandler              
000016d1  TA3_0_IRQHandler              
000016d1  TA3_N_IRQHandler              
0000158b  TxFifo0_Get                   
00001549  TxFifo0_Init                  
00001571  TxFifo0_Put                   
00001597  TxFifo0_Size                  
20000400  TxHistogram                   
000016d1  UsageFault_Handler            
4000480c  WDTCTL_SYM                    
000016d1  WDT_A_IRQHandler              
20010000  __STACK_END                   
00000200  __STACK_SIZE                  
00000400  __SYSMEM_SIZE                 
00001708  __TI_CINIT_Base               
00001718  __TI_CINIT_Limit              
000016f0  __TI_Handler_Table_Base       
000016fc  __TI_Handler_Table_Limit      
00001629  __TI_auto_init_nobinit_nopinit
000015c1  __TI_decompress_lzss          
000016b7  __TI_decompress_none          
ffffffff  __TI_pprof_out_hndl           
ffffffff  __TI_prof_data_size           
ffffffff  __TI_prof_data_start          
00000000  __TI_static_base__            
000016a5  __TI_zero_init_nomemset       
000014ad  __aeabi_memcpy                
000014ad  __aeabi_memcpy4               
000014ad  __aeabi_memcpy8               
ffffffff  __binit__                     
ffffffff  __c_args__                    
UNDEFED   __mpu_init                    
2000fe00  __stack                       
0000166d  _c_int00_noargs               
20000000  _sys_memory                   
UNDEFED   _system_post_cinit            
000016d3  _system_pre_init              
000016d7  abort                         
ffffffff  binit                         
0000130d  configure_ADC                 
00001055  delay                         
00000000  interruptVectors              
00001389  main                          
000014ad  memcpy                        
00001369  read_ADC                      
00001191  set_color                     
00001189  set_color_red                 
0000135d  start_ADC                     


GLOBAL SYMBOLS: SORTED BY Symbol Address 

address   name                          
-------   ----                          
00000000  __TI_static_base__            
00000000  interruptVectors              
000000e5  EUSCIA0_Init                  
00000149  EUSCIA0_InChar                
0000015b  EUSCIA0_OutChar               
00000175  EUSCIA0_IRQHandler            
00000175  EUSCIA0_IRQHandler            
000001ab  EUSCIA0_OutString             
000001c9  EUSCIA0_InUDec                
00000200  __STACK_SIZE                  
0000024d  EUSCIA0_OutUDec               
000003dd  EUSCIA0_OutUDec4              
00000400  __SYSMEM_SIZE                 
00000415  EUSCIA0_OutUDec5              
00000451  EUSCIA0_OutUFix1              
00000479  EUSCIA0_OutUFix2              
000004c5  EUSCIA0_InUHex                
0000058d  EUSCIA0_OutUHex               
000005d1  EUSCIA0outnibble              
000005f3  EUSCIA0_OutUHex2              
00000611  EUSCIA0_InString              
0000069d  SystemCoreClockUpdate         
00000911  SystemInit                    
000009c9  Motor_Init                    
00000aed  Motor_Stop                    
00000afd  Motor_Forward                 
00000b47  Motor_Right                   
00000b77  Motor_Left                    
00000ba7  Motor_Backward                
00000bd7  Drive_Motors                  
00000cb1  PWM_Init1                     
00000d17  PWM_Init12                    
00000d9b  PWM_Duty1                     
00000dbb  PWM_Duty2                     
00000ddb  PWM_Init34                    
00000e7f  PWM_Duty3                     
00000e9f  PWM_Duty4                     
00000ebf  RightMotor_PWM                
00000edf  LeftMotor_PWM                 
00000f39  Clock_Init48MHz               
0000104f  Clock_GetFreq                 
00001055  delay                         
00001063  Clock_Delay1us                
0000108d  Clock_Delay1ms                
00001119  LaunchPad_Init                
00001189  set_color_red                 
00001191  set_color                     
00001277  LaunchPad_Input               
00001291  LaunchPad_LED                 
000012af  LaunchPad_Output              
000012f9  Pause                         
0000130d  configure_ADC                 
0000135d  start_ADC                     
00001369  read_ADC                      
00001389  main                          
000013f1  SysTick_Init                  
00001401  SysTick_Wait                  
00001427  SysTick_Wait10us              
0000144f  SysTick_Wait1us               
00001475  SysTick_Wait10ms              
000014ad  __aeabi_memcpy                
000014ad  __aeabi_memcpy4               
000014ad  __aeabi_memcpy8               
000014ad  memcpy                        
00001549  TxFifo0_Init                  
00001571  TxFifo0_Put                   
0000158b  TxFifo0_Get                   
00001597  TxFifo0_Size                  
0000159b  RxFifo0_Init                  
0000159d  RxFifo0_Put                   
000015ab  RxFifo0_Get                   
000015b7  RxFifo0_Size                  
000015c1  __TI_decompress_lzss          
00001629  __TI_auto_init_nobinit_nopinit
0000166d  _c_int00_noargs               
000016a5  __TI_zero_init_nomemset       
000016b7  __TI_decompress_none          
000016c5  Reset_Handler                 
000016d1  ADC14_IRQHandler              
000016d1  AES256_IRQHandler             
000016d1  BusFault_Handler              
000016d1  COMP_E0_IRQHandler            
000016d1  COMP_E1_IRQHandler            
000016d1  CS_IRQHandler                 
000016d1  DMA_ERR_IRQHandler            
000016d1  DMA_INT0_IRQHandler           
000016d1  DMA_INT1_IRQHandler           
000016d1  DMA_INT2_IRQHandler           
000016d1  DMA_INT3_IRQHandler           
000016d1  DebugMon_Handler              
000016d1  Default_Handler               
000016d1  EUSCIA1_IRQHandler            
000016d1  EUSCIA2_IRQHandler            
000016d1  EUSCIA3_IRQHandler            
000016d1  EUSCIB0_IRQHandler            
000016d1  EUSCIB1_IRQHandler            
000016d1  EUSCIB2_IRQHandler            
000016d1  EUSCIB3_IRQHandler            
000016d1  FLCTL_IRQHandler              
000016d1  FPU_IRQHandler                
000016d1  HardFault_Handler             
000016d1  MemManage_Handler             
000016d1  NMI_Handler                   
000016d1  PCM_IRQHandler                
000016d1  PORT1_IRQHandler              
000016d1  PORT2_IRQHandler              
000016d1  PORT3_IRQHandler              
000016d1  PORT4_IRQHandler              
000016d1  PORT5_IRQHandler              
000016d1  PORT6_IRQHandler              
000016d1  PSS_IRQHandler                
000016d1  PendSV_Handler                
000016d1  RTC_C_IRQHandler              
000016d1  SVC_Handler                   
000016d1  SysTick_Handler               
000016d1  T32_INT1_IRQHandler           
000016d1  T32_INT2_IRQHandler           
000016d1  T32_INTC_IRQHandler           
000016d1  TA0_0_IRQHandler              
000016d1  TA0_N_IRQHandler              
000016d1  TA1_0_IRQHandler              
000016d1  TA1_N_IRQHandler              
000016d1  TA2_0_IRQHandler              
000016d1  TA2_N_IRQHandler              
000016d1  TA3_0_IRQHandler              
000016d1  TA3_N_IRQHandler              
000016d1  UsageFault_Handler            
000016d1  WDT_A_IRQHandler              
000016d3  _system_pre_init              
000016d7  C$$EXIT                       
000016d7  abort                         
000016f0  __TI_Handler_Table_Base       
000016fc  __TI_Handler_Table_Limit      
00001708  __TI_CINIT_Base               
00001718  __TI_CINIT_Limit              
20000000  _sys_memory                   
20000400  TxHistogram                   
20000500  Messagec                      
20000508  Messageindexc                 
2000050c  ClockFrequency                
20000510  Prewait                       
20000514  CPMwait                       
20000518  Postwait                      
2000051c  IFlags                        
20000520  Crystalstable                 
20000524  SystemCoreClock               
20000528  CURRENT_RIGHT_WHEEL_DIRECTION 
20000529  CURRENT_LEFT_WHEEL_DIRECTION  
2000fe00  __stack                       
20010000  __STACK_END                   
4000480c  WDTCTL_SYM                    
ffffffff  __TI_pprof_out_hndl           
ffffffff  __TI_prof_data_size           
ffffffff  __TI_prof_data_start          
ffffffff  __binit__                     
ffffffff  __c_args__                    
ffffffff  binit                         
UNDEFED   __mpu_init                    
UNDEFED   _system_post_cinit            

[159 symbols]
