******************************************************************************
                  TI ARM Linker Unix v18.1.4                   
******************************************************************************
>> Linked Fri Nov 15 16:00:03 2019

OUTPUT FILE NAME:   <Lab12_Motors.out>
ENTRY POINT SYMBOL: "_c_int00_noargs"  address: 00001899


MEMORY CONFIGURATION

         name            origin    length      used     unused   attr    fill
----------------------  --------  ---------  --------  --------  ----  --------
  MAIN                  00000000   00040000  0000193e  0003e6c2  R  X
  INFO                  00200000   00004000  00000000  00004000  R  X
  SRAM_CODE             01000000   00010000  0000073a  0000f8c6  RW X
  SRAM_DATA             20000000   00010000  0000073a  0000f8c6  RW  


SEGMENT ALLOCATION MAP

run origin  load origin   length   init length attrs members
----------  ----------- ---------- ----------- ----- -------
00000000    00000000    00001940   00001940    r-x
  00000000    00000000    000000e4   000000e4    r-- .intvecs
  000000e4    000000e4    00001822   00001822    r-x .text
  00001908    00001908    00000038   00000038    r-- .cinit
20000000    20000000    0000053a   00000000    rw-
  20000000    20000000    00000400   00000000    rw- .sysmem
  20000400    20000400    0000011c   00000000    rw- .bss
  2000051c    2000051c    0000001e   00000000    rw- .data
2000fe00    2000fe00    00000200   00000000    rw-
  2000fe00    2000fe00    00000200   00000000    rw- .stack


SECTION ALLOCATION MAP

 output                                  attributes/
section   page    origin      length       input sections
--------  ----  ----------  ----------   ----------------
.intvecs   0    00000000    000000e4     
                  00000000    000000e4     startup_msp432p401r_ccs.obj (.intvecs:retain)

.text      0    000000e4    00001822     
                  000000e4    000005b6     EUSCIA0.obj (.text)
                  0000069a    00000002     --HOLE-- [fill = 0]
                  0000069c    0000032c     system_msp432p401r.obj (.text)
                  000009c8    000002e8     Motor.obj (.text)
                  00000cb0    00000288     PWM.obj (.text)
                  00000f38    000001e0     Clock.obj (.text)
                  00001118    000001e0     LaunchPad.obj (.text)
                  000012f8    00000174     ADC14.obj (.text)
                  0000146c    000000e0     Lab12_Motorsmain.obj (.text)
                  0000154c    000000d0     TimerA2.obj (.text)
                  0000161c    000000bc     SysTick.obj (.text)
                  000016d8    0000009c     rtsv7M4_T_le_v4SPD16_eabi.lib : memcpy_t2.asm.obj (.text)
                  00001774    00000078     FIFO0.obj (.text)
                  000017ec    00000068     rtsv7M4_T_le_v4SPD16_eabi.lib : copy_decompress_lzss.c.obj (.text:decompress:lzss:__TI_decompress_lzss)
                  00001854    00000044                                   : autoinit.c.obj (.text:__TI_auto_init_nobinit_nopinit:__TI_auto_init_nobinit_nopinit)
                  00001898    00000038                                   : boot_cortex_m.c.obj (.text:_c_int00_noargs:_c_int00_noargs)
                  000018d0    00000012                                   : copy_zero_init.c.obj (.text:decompress:ZI:__TI_zero_init_nomemset:__TI_zero_init_nomemset)
                  000018e2    0000000e                                   : copy_decompress_none.c.obj (.text:decompress:none:__TI_decompress_none)
                  000018f0    0000000e     startup_msp432p401r_ccs.obj (.text)
                  000018fe    00000004     rtsv7M4_T_le_v4SPD16_eabi.lib : pre_init.c.obj (.text:_system_pre_init)
                  00001902    00000004                                   : exit.c.obj (.text:abort:abort)

.cinit     0    00001908    00000038     
                  00001908    00000010     (.cinit..data.load) [load image, compression = lzss]
                  00001918    0000000c     (__TI_handler_table)
                  00001924    00000004     --HOLE-- [fill = 0]
                  00001928    00000008     (.cinit..bss.load) [load image, compression = zero_init]
                  00001930    00000010     (__TI_cinit_table)

.init_array 
*          0    00000000    00000000     UNINITIALIZED

.binit     0    00000000    00000000     

.sysmem    0    20000000    00000400     UNINITIALIZED
                  20000000    00000008     rtsv7M4_T_le_v4SPD16_eabi.lib : memory.c.obj (.sysmem)
                  20000008    000003f8     --HOLE--

.bss       0    20000400    0000011c     UNINITIALIZED
                  20000400    00000100     (.common:TxHistogram)
                  20000500    00000008     (.common:Messagec)
                  20000508    00000004     (.common:Messageindexc)
                  2000050c    00000004     (.common:TimerA2Task)
                  20000510    00000004     (.common:sensor_forward)
                  20000514    00000004     (.common:sensor_left)
                  20000518    00000004     (.common:sensor_right)

.data      0    2000051c    0000001e     UNINITIALIZED
                  2000051c    00000018     Clock.obj (.data)
                  20000534    00000004     system_msp432p401r.obj (.data)
                  20000538    00000002     Motor.obj (.data)

.stack     0    2000fe00    00000200     UNINITIALIZED
                  2000fe00    00000004     rtsv7M4_T_le_v4SPD16_eabi.lib : boot_cortex_m.c.obj (.stack)
                  2000fe04    000001fc     --HOLE--

MODULE SUMMARY

       Module                        code   ro data   rw data
       ------                        ----   -------   -------
    ./
       EUSCIA0.obj                   1462   0         24     
       system_msp432p401r.obj        812    0         8      
       Motor.obj                     744    0         4      
       PWM.obj                       648    0         0      
       FIFO0.obj                     120    0         512    
       Clock.obj                     480    0         48     
       LaunchPad.obj                 480    0         0      
       ADC14.obj                     372    0         0      
       Lab12_Motorsmain.obj          224    0         24     
       startup_msp432p401r_ccs.obj   14     228       0      
       TimerA2.obj                   208    0         8      
       SysTick.obj                   188    0         0      
    +--+-----------------------------+------+---------+---------+
       Total:                        5752   228       628    
                                                             
    /opt/ccstudio/ccsv8/tools/compiler/ti-cgt-arm_18.1.4.LTS/lib/rtsv7M4_T_le_v4SPD16_eabi.lib
       memcpy_t2.asm.obj             156    0         0      
       copy_decompress_lzss.c.obj    104    0         0      
       autoinit.c.obj                68     0         0      
       boot_cortex_m.c.obj           56     0         0      
       copy_zero_init.c.obj          18     0         0      
       copy_decompress_none.c.obj    14     0         0      
       exit.c.obj                    4      0         0      
       pre_init.c.obj                4      0         0      
    +--+-----------------------------+------+---------+---------+
       Total:                        424    0         0      
                                                             
       Heap:                         0      0         2048   
       Stack:                        0      0         1024   
       Linker Generated:             0      52        0      
    +--+-----------------------------+------+---------+---------+
       Grand Total:                  6176   280       3700   


LINKER GENERATED COPY TABLES

__TI_cinit_table @ 00001930 records: 2, size/record: 8, table size: 16
	.data: load addr=00001908, load size=00000010 bytes, run addr=2000051c, run size=0000001e bytes, compression=lzss
	.bss: load addr=00001928, load size=00000008 bytes, run addr=20000400, run size=0000011c bytes, compression=zero_init


LINKER GENERATED HANDLER TABLE

__TI_handler_table @ 00001918 records: 3, size/record: 4, table size: 12
	index: 0, handler: __TI_decompress_lzss
	index: 1, handler: __TI_decompress_none
	index: 2, handler: __TI_zero_init


GLOBAL SYMBOLS: SORTED ALPHABETICALLY BY Name 

address   name                          
-------   ----                          
00001413  ADC0_InitSWTriggerCh12        
00001419  ADC0_InitSWTriggerCh17_12_16  
000012f9  ADC0_InitSWTriggerCh6         
00001369  ADC0_InitSWTriggerCh67        
000018fd  ADC14_IRQHandler              
00001415  ADC_In12                      
0000141b  ADC_In17_12_16                
00001349  ADC_In6                       
000013cb  ADC_In67                      
000018fd  AES256_IRQHandler             
000018fd  BusFault_Handler              
00001903  C$$EXIT                       
000018fd  COMP_E0_IRQHandler            
000018fd  COMP_E1_IRQHandler            
20000524  CPMwait                       
000018fd  CS_IRQHandler                 
20000539  CURRENT_LEFT_WHEEL_DIRECTION  
20000538  CURRENT_RIGHT_WHEEL_DIRECTION 
2000051c  ClockFrequency                
0000108d  Clock_Delay1ms                
00001063  Clock_Delay1us                
0000104f  Clock_GetFreq                 
00000f39  Clock_Init48MHz               
20000530  Crystalstable                 
000018fd  DMA_ERR_IRQHandler            
000018fd  DMA_INT0_IRQHandler           
000018fd  DMA_INT1_IRQHandler           
000018fd  DMA_INT2_IRQHandler           
000018fd  DMA_INT3_IRQHandler           
000018fd  DebugMon_Handler              
000018fd  Default_Handler               
00000bd7  Drive_Motors                  
00000175  EUSCIA0_IRQHandler            
00000175  EUSCIA0_IRQHandler            
00000149  EUSCIA0_InChar                
00000611  EUSCIA0_InString              
000001c9  EUSCIA0_InUDec                
000004c5  EUSCIA0_InUHex                
000000e5  EUSCIA0_Init                  
0000015b  EUSCIA0_OutChar               
000001ab  EUSCIA0_OutString             
0000024d  EUSCIA0_OutUDec               
000003dd  EUSCIA0_OutUDec4              
00000415  EUSCIA0_OutUDec5              
00000451  EUSCIA0_OutUFix1              
00000479  EUSCIA0_OutUFix2              
0000058d  EUSCIA0_OutUHex               
000005f3  EUSCIA0_OutUHex2              
000005d1  EUSCIA0outnibble              
000018fd  EUSCIA1_IRQHandler            
000018fd  EUSCIA2_IRQHandler            
000018fd  EUSCIA3_IRQHandler            
000018fd  EUSCIB0_IRQHandler            
000018fd  EUSCIB1_IRQHandler            
000018fd  EUSCIB2_IRQHandler            
000018fd  EUSCIB3_IRQHandler            
000018fd  FLCTL_IRQHandler              
000018fd  FPU_IRQHandler                
000018fd  HardFault_Handler             
2000052c  IFlags                        
00001119  LaunchPad_Init                
00001277  LaunchPad_Input               
00001291  LaunchPad_LED                 
000012af  LaunchPad_Output              
00000edf  LeftMotor_PWM                 
000018fd  MemManage_Handler             
20000500  Messagec                      
20000508  Messageindexc                 
00000ba7  Motor_Backward                
00000afd  Motor_Forward                 
000009c9  Motor_Init                    
00000b77  Motor_Left                    
00000b47  Motor_Right                   
00000aed  Motor_Stop                    
000018fd  NMI_Handler                   
000018fd  PCM_IRQHandler                
000018fd  PORT1_IRQHandler              
000018fd  PORT2_IRQHandler              
000018fd  PORT3_IRQHandler              
000018fd  PORT4_IRQHandler              
000018fd  PORT5_IRQHandler              
000018fd  PORT6_IRQHandler              
000018fd  PSS_IRQHandler                
00000d9b  PWM_Duty1                     
00000dbb  PWM_Duty2                     
00000e7f  PWM_Duty3                     
00000e9f  PWM_Duty4                     
00000cb1  PWM_Init1                     
00000d17  PWM_Init12                    
00000ddb  PWM_Init34                    
0000146d  Pause                         
000018fd  PendSV_Handler                
20000528  Postwait                      
20000520  Prewait                       
000018fd  RTC_C_IRQHandler              
000018f1  Reset_Handler                 
00000ebf  RightMotor_PWM                
000017d7  RxFifo0_Get                   
000017c7  RxFifo0_Init                  
000017c9  RxFifo0_Put                   
000017e3  RxFifo0_Size                  
000018fd  SVC_Handler                   
000018fd  SysTick_Handler               
0000161d  SysTick_Init                  
0000162d  SysTick_Wait                  
000016a1  SysTick_Wait10ms              
00001653  SysTick_Wait10us              
0000167b  SysTick_Wait1us               
20000534  SystemCoreClock               
0000069d  SystemCoreClockUpdate         
00000911  SystemInit                    
000018fd  T32_INT1_IRQHandler           
000018fd  T32_INT2_IRQHandler           
000018fd  T32_INTC_IRQHandler           
000018fd  TA0_0_IRQHandler              
000018fd  TA0_N_IRQHandler              
000018fd  TA1_0_IRQHandler              
000018fd  TA1_N_IRQHandler              
000015e7  TA2_0_IRQHandler              
000015e7  TA2_0_IRQHandler              
000018fd  TA2_N_IRQHandler              
000018fd  TA3_0_IRQHandler              
000018fd  TA3_N_IRQHandler              
2000050c  TimerA2Task                   
000015ab  TimerA2_Change_Task           
0000154d  TimerA2_Init                  
000015d3  TimerA2_Stop                  
000017b7  TxFifo0_Get                   
00001775  TxFifo0_Init                  
0000179d  TxFifo0_Put                   
000017c3  TxFifo0_Size                  
20000400  TxHistogram                   
000018fd  UsageFault_Handler            
4000480c  WDTCTL_SYM                    
000018fd  WDT_A_IRQHandler              
20010000  __STACK_END                   
00000200  __STACK_SIZE                  
00000400  __SYSMEM_SIZE                 
00001930  __TI_CINIT_Base               
00001940  __TI_CINIT_Limit              
00001918  __TI_Handler_Table_Base       
00001924  __TI_Handler_Table_Limit      
00001855  __TI_auto_init_nobinit_nopinit
000017ed  __TI_decompress_lzss          
000018e3  __TI_decompress_none          
ffffffff  __TI_pprof_out_hndl           
ffffffff  __TI_prof_data_size           
ffffffff  __TI_prof_data_start          
00000000  __TI_static_base__            
000018d1  __TI_zero_init_nomemset       
000016d9  __aeabi_memcpy                
000016d9  __aeabi_memcpy4               
000016d9  __aeabi_memcpy8               
ffffffff  __binit__                     
ffffffff  __c_args__                    
UNDEFED   __mpu_init                    
2000fe00  __stack                       
00001899  _c_int00_noargs               
20000000  _sys_memory                   
UNDEFED   _system_post_cinit            
000018ff  _system_pre_init              
00001903  abort                         
ffffffff  binit                         
0000148f  configure_ADC                 
00001055  delay                         
00000000  interruptVectors              
000014e5  main                          
000016d9  memcpy                        
20000510  sensor_forward                
20000514  sensor_left                   
20000518  sensor_right                  
00001191  set_color                     
00001189  set_color_red                 
00001481  timerA2_task                  


GLOBAL SYMBOLS: SORTED BY Symbol Address 

address   name                          
-------   ----                          
00000000  __TI_static_base__            
00000000  interruptVectors              
000000e5  EUSCIA0_Init                  
00000149  EUSCIA0_InChar                
0000015b  EUSCIA0_OutChar               
00000175  EUSCIA0_IRQHandler            
00000175  EUSCIA0_IRQHandler            
000001ab  EUSCIA0_OutString             
000001c9  EUSCIA0_InUDec                
00000200  __STACK_SIZE                  
0000024d  EUSCIA0_OutUDec               
000003dd  EUSCIA0_OutUDec4              
00000400  __SYSMEM_SIZE                 
00000415  EUSCIA0_OutUDec5              
00000451  EUSCIA0_OutUFix1              
00000479  EUSCIA0_OutUFix2              
000004c5  EUSCIA0_InUHex                
0000058d  EUSCIA0_OutUHex               
000005d1  EUSCIA0outnibble              
000005f3  EUSCIA0_OutUHex2              
00000611  EUSCIA0_InString              
0000069d  SystemCoreClockUpdate         
00000911  SystemInit                    
000009c9  Motor_Init                    
00000aed  Motor_Stop                    
00000afd  Motor_Forward                 
00000b47  Motor_Right                   
00000b77  Motor_Left                    
00000ba7  Motor_Backward                
00000bd7  Drive_Motors                  
00000cb1  PWM_Init1                     
00000d17  PWM_Init12                    
00000d9b  PWM_Duty1                     
00000dbb  PWM_Duty2                     
00000ddb  PWM_Init34                    
00000e7f  PWM_Duty3                     
00000e9f  PWM_Duty4                     
00000ebf  RightMotor_PWM                
00000edf  LeftMotor_PWM                 
00000f39  Clock_Init48MHz               
0000104f  Clock_GetFreq                 
00001055  delay                         
00001063  Clock_Delay1us                
0000108d  Clock_Delay1ms                
00001119  LaunchPad_Init                
00001189  set_color_red                 
00001191  set_color                     
00001277  LaunchPad_Input               
00001291  LaunchPad_LED                 
000012af  LaunchPad_Output              
000012f9  ADC0_InitSWTriggerCh6         
00001349  ADC_In6                       
00001369  ADC0_InitSWTriggerCh67        
000013cb  ADC_In67                      
00001413  ADC0_InitSWTriggerCh12        
00001415  ADC_In12                      
00001419  ADC0_InitSWTriggerCh17_12_16  
0000141b  ADC_In17_12_16                
0000146d  Pause                         
00001481  timerA2_task                  
0000148f  configure_ADC                 
000014e5  main                          
0000154d  TimerA2_Init                  
000015ab  TimerA2_Change_Task           
000015d3  TimerA2_Stop                  
000015e7  TA2_0_IRQHandler              
000015e7  TA2_0_IRQHandler              
0000161d  SysTick_Init                  
0000162d  SysTick_Wait                  
00001653  SysTick_Wait10us              
0000167b  SysTick_Wait1us               
000016a1  SysTick_Wait10ms              
000016d9  __aeabi_memcpy                
000016d9  __aeabi_memcpy4               
000016d9  __aeabi_memcpy8               
000016d9  memcpy                        
00001775  TxFifo0_Init                  
0000179d  TxFifo0_Put                   
000017b7  TxFifo0_Get                   
000017c3  TxFifo0_Size                  
000017c7  RxFifo0_Init                  
000017c9  RxFifo0_Put                   
000017d7  RxFifo0_Get                   
000017e3  RxFifo0_Size                  
000017ed  __TI_decompress_lzss          
00001855  __TI_auto_init_nobinit_nopinit
00001899  _c_int00_noargs               
000018d1  __TI_zero_init_nomemset       
000018e3  __TI_decompress_none          
000018f1  Reset_Handler                 
000018fd  ADC14_IRQHandler              
000018fd  AES256_IRQHandler             
000018fd  BusFault_Handler              
000018fd  COMP_E0_IRQHandler            
000018fd  COMP_E1_IRQHandler            
000018fd  CS_IRQHandler                 
000018fd  DMA_ERR_IRQHandler            
000018fd  DMA_INT0_IRQHandler           
000018fd  DMA_INT1_IRQHandler           
000018fd  DMA_INT2_IRQHandler           
000018fd  DMA_INT3_IRQHandler           
000018fd  DebugMon_Handler              
000018fd  Default_Handler               
000018fd  EUSCIA1_IRQHandler            
000018fd  EUSCIA2_IRQHandler            
000018fd  EUSCIA3_IRQHandler            
000018fd  EUSCIB0_IRQHandler            
000018fd  EUSCIB1_IRQHandler            
000018fd  EUSCIB2_IRQHandler            
000018fd  EUSCIB3_IRQHandler            
000018fd  FLCTL_IRQHandler              
000018fd  FPU_IRQHandler                
000018fd  HardFault_Handler             
000018fd  MemManage_Handler             
000018fd  NMI_Handler                   
000018fd  PCM_IRQHandler                
000018fd  PORT1_IRQHandler              
000018fd  PORT2_IRQHandler              
000018fd  PORT3_IRQHandler              
000018fd  PORT4_IRQHandler              
000018fd  PORT5_IRQHandler              
000018fd  PORT6_IRQHandler              
000018fd  PSS_IRQHandler                
000018fd  PendSV_Handler                
000018fd  RTC_C_IRQHandler              
000018fd  SVC_Handler                   
000018fd  SysTick_Handler               
000018fd  T32_INT1_IRQHandler           
000018fd  T32_INT2_IRQHandler           
000018fd  T32_INTC_IRQHandler           
000018fd  TA0_0_IRQHandler              
000018fd  TA0_N_IRQHandler              
000018fd  TA1_0_IRQHandler              
000018fd  TA1_N_IRQHandler              
000018fd  TA2_N_IRQHandler              
000018fd  TA3_0_IRQHandler              
000018fd  TA3_N_IRQHandler              
000018fd  UsageFault_Handler            
000018fd  WDT_A_IRQHandler              
000018ff  _system_pre_init              
00001903  C$$EXIT                       
00001903  abort                         
00001918  __TI_Handler_Table_Base       
00001924  __TI_Handler_Table_Limit      
00001930  __TI_CINIT_Base               
00001940  __TI_CINIT_Limit              
20000000  _sys_memory                   
20000400  TxHistogram                   
20000500  Messagec                      
20000508  Messageindexc                 
2000050c  TimerA2Task                   
20000510  sensor_forward                
20000514  sensor_left                   
20000518  sensor_right                  
2000051c  ClockFrequency                
20000520  Prewait                       
20000524  CPMwait                       
20000528  Postwait                      
2000052c  IFlags                        
20000530  Crystalstable                 
20000534  SystemCoreClock               
20000538  CURRENT_RIGHT_WHEEL_DIRECTION 
20000539  CURRENT_LEFT_WHEEL_DIRECTION  
2000fe00  __stack                       
20010000  __STACK_END                   
4000480c  WDTCTL_SYM                    
ffffffff  __TI_pprof_out_hndl           
ffffffff  __TI_prof_data_size           
ffffffff  __TI_prof_data_start          
ffffffff  __binit__                     
ffffffff  __c_args__                    
ffffffff  binit                         
UNDEFED   __mpu_init                    
UNDEFED   _system_post_cinit            

[174 symbols]
