******************************************************************************
                  TI ARM Linker Unix v18.1.4                   
******************************************************************************
>> Linked Sat Nov 16 23:50:34 2019

OUTPUT FILE NAME:   <Lab12_Motors.out>
ENTRY POINT SYMBOL: "_c_int00_noargs"  address: 00001c99


MEMORY CONFIGURATION

         name            origin    length      used     unused   attr    fill
----------------------  --------  ---------  --------  --------  ----  --------
  MAIN                  00000000   00040000  00001d98  0003e268  R  X
  INFO                  00200000   00004000  00000000  00004000  R  X
  SRAM_CODE             01000000   00010000  00000843  0000f7bd  RW X
  SRAM_DATA             20000000   00010000  00000843  0000f7bd  RW  


SEGMENT ALLOCATION MAP

run origin  load origin   length   init length attrs members
----------  ----------- ---------- ----------- ----- -------
00000000    00000000    00001d98   00001d98    r-x
  00000000    00000000    000000e4   000000e4    r-- .intvecs
  000000e4    000000e4    00001c22   00001c22    r-x .text
  00001d06    00001d06    0000000a   0000000a    r-- .const
  00001d10    00001d10    00000088   00000088    r-- .cinit
20000000    20000000    00000643   00000000    rw-
  20000000    20000000    00000400   00000000    rw- .sysmem
  20000400    20000400    00000158   00000000    rw- .bss
  20000558    20000558    000000eb   00000000    rw- .data
2000fe00    2000fe00    00000200   00000000    rw-
  2000fe00    2000fe00    00000200   00000000    rw- .stack


SECTION ALLOCATION MAP

 output                                  attributes/
section   page    origin      length       input sections
--------  ----  ----------  ----------   ----------------
.intvecs   0    00000000    000000e4     
                  00000000    000000e4     startup_msp432p401r_ccs.obj (.intvecs:retain)

.text      0    000000e4    00001c22     
                  000000e4    000005b6     EUSCIA0.obj (.text)
                  0000069a    00000002     --HOLE-- [fill = 0]
                  0000069c    0000032c     system_msp432p401r.obj (.text)
                  000009c8    000002e8     Motor.obj (.text)
                  00000cb0    00000288     PWM.obj (.text)
                  00000f38    000001e0     Clock.obj (.text)
                  00001118    000001e0     LaunchPad.obj (.text)
                  000012f8    000001dc     Lab12_Motorsmain.obj (.text)
                  000014d4    0000017c     SevenSegment.obj (.text)
                  00001650    00000174     ADC14.obj (.text)
                  000017c4    000000d0     TimerA2.obj (.text)
                  00001894    000000bc     SysTick.obj (.text)
                  00001950    000000ac     TimerA0.obj (.text)
                  000019fc    0000009c     rtsv7M4_T_le_v4SPD16_eabi.lib : memcpy_t2.asm.obj (.text)
                  00001a98    00000090     TimerA1.obj (.text)
                  00001b28    00000078     FIFO0.obj (.text)
                  00001ba0    00000068     rtsv7M4_T_le_v4SPD16_eabi.lib : copy_decompress_lzss.c.obj (.text:decompress:lzss:__TI_decompress_lzss)
                  00001c08    0000004c     fsm.obj (.text)
                  00001c54    00000044     rtsv7M4_T_le_v4SPD16_eabi.lib : autoinit.c.obj (.text:__TI_auto_init_nobinit_nopinit:__TI_auto_init_nobinit_nopinit)
                  00001c98    00000038                                   : boot_cortex_m.c.obj (.text:_c_int00_noargs:_c_int00_noargs)
                  00001cd0    00000012                                   : copy_zero_init.c.obj (.text:decompress:ZI:__TI_zero_init_nomemset:__TI_zero_init_nomemset)
                  00001ce2    0000000e                                   : copy_decompress_none.c.obj (.text:decompress:none:__TI_decompress_none)
                  00001cf0    0000000e     startup_msp432p401r_ccs.obj (.text)
                  00001cfe    00000004     rtsv7M4_T_le_v4SPD16_eabi.lib : pre_init.c.obj (.text:_system_pre_init)
                  00001d02    00000004                                   : exit.c.obj (.text:abort:abort)

.const     0    00001d06    0000000a     
                  00001d06    0000000a     SevenSegment.obj (.const:.string:number)

.cinit     0    00001d10    00000088     
                  00001d10    0000005f     (.cinit..data.load) [load image, compression = lzss]
                  00001d6f    00000001     --HOLE-- [fill = 0]
                  00001d70    0000000c     (__TI_handler_table)
                  00001d7c    00000004     --HOLE-- [fill = 0]
                  00001d80    00000008     (.cinit..bss.load) [load image, compression = zero_init]
                  00001d88    00000010     (__TI_cinit_table)

.init_array 
*          0    00000000    00000000     UNINITIALIZED

.binit     0    00000000    00000000     

.sysmem    0    20000000    00000400     UNINITIALIZED
                  20000000    00000008     rtsv7M4_T_le_v4SPD16_eabi.lib : memory.c.obj (.sysmem)
                  20000008    000003f8     --HOLE--

.bss       0    20000400    00000158     UNINITIALIZED
                  20000400    00000100     (.common:TxHistogram)
                  20000500    0000000c     (.common:sensor_center_buff)
                  2000050c    0000000c     (.common:sensor_left_buff)
                  20000518    0000000c     (.common:sensor_right_buff)
                  20000524    00000008     (.common:Messagec)
                  2000052c    00000004     (.common:Messageindexc)
                  20000530    00000004     (.common:TimerA0Task)
                  20000534    00000004     (.common:TimerA1Task)
                  20000538    00000004     (.common:TimerA2Task)
                  2000053c    00000004     (.common:center_distance)
                  20000540    00000004     (.common:left_distance)
                  20000544    00000004     (.common:right_distance)
                  20000548    00000004     (.common:segment_mapping)
                  2000054c    00000004     (.common:sensor_center)
                  20000550    00000004     (.common:sensor_left)
                  20000554    00000004     (.common:sensor_right)

.data      0    20000558    000000eb     UNINITIALIZED
                  20000558    000000c8     fsm.obj (.data:FSM_States)
                  20000620    00000018     Clock.obj (.data)
                  20000638    00000004     SevenSegment.obj (.data:segment_pin_map)
                  2000063c    00000004     system_msp432p401r.obj (.data)
                  20000640    00000002     Motor.obj (.data)
                  20000642    00000001     SevenSegment.obj (.data)

.stack     0    2000fe00    00000200     UNINITIALIZED
                  2000fe00    00000004     rtsv7M4_T_le_v4SPD16_eabi.lib : boot_cortex_m.c.obj (.stack)
                  2000fe04    000001fc     --HOLE--

MODULE SUMMARY

       Module                        code   ro data   rw data
       ------                        ----   -------   -------
    ./
       EUSCIA0.obj                   1462   0         24     
       system_msp432p401r.obj        812    0         8      
       Motor.obj                     744    0         4      
       PWM.obj                       648    0         0      
       FIFO0.obj                     120    0         512    
       Lab12_Motorsmain.obj          476    0         120    
       Clock.obj                     480    0         48     
       LaunchPad.obj                 480    0         0      
       fsm.obj                       76     0         400    
       SevenSegment.obj              380    10        18     
       ADC14.obj                     372    0         0      
       startup_msp432p401r_ccs.obj   14     228       0      
       TimerA2.obj                   208    0         8      
       SysTick.obj                   188    0         0      
       TimerA0.obj                   172    0         8      
       TimerA1.obj                   144    0         8      
    +--+-----------------------------+------+---------+---------+
       Total:                        6776   238       1158   
                                                             
    /opt/ccstudio/ccsv8/tools/compiler/ti-cgt-arm_18.1.4.LTS/lib/rtsv7M4_T_le_v4SPD16_eabi.lib
       memcpy_t2.asm.obj             156    0         0      
       copy_decompress_lzss.c.obj    104    0         0      
       autoinit.c.obj                68     0         0      
       boot_cortex_m.c.obj           56     0         0      
       copy_zero_init.c.obj          18     0         0      
       copy_decompress_none.c.obj    14     0         0      
       exit.c.obj                    4      0         0      
       pre_init.c.obj                4      0         0      
    +--+-----------------------------+------+---------+---------+
       Total:                        424    0         0      
                                                             
       Heap:                         0      0         2048   
       Stack:                        0      0         1024   
       Linker Generated:             0      131       0      
    +--+-----------------------------+------+---------+---------+
       Grand Total:                  7200   369       4230   


LINKER GENERATED COPY TABLES

__TI_cinit_table @ 00001d88 records: 2, size/record: 8, table size: 16
	.data: load addr=00001d10, load size=0000005f bytes, run addr=20000558, run size=000000eb bytes, compression=lzss
	.bss: load addr=00001d80, load size=00000008 bytes, run addr=20000400, run size=00000158 bytes, compression=zero_init


LINKER GENERATED HANDLER TABLE

__TI_handler_table @ 00001d70 records: 3, size/record: 4, table size: 12
	index: 0, handler: __TI_decompress_lzss
	index: 1, handler: __TI_decompress_none
	index: 2, handler: __TI_zero_init


GLOBAL SYMBOLS: SORTED ALPHABETICALLY BY Name 

address   name                          
-------   ----                          
00001769  ADC0_InitSWTriggerCh12        
0000176f  ADC0_InitSWTriggerCh17_12_16  
00001651  ADC0_InitSWTriggerCh6         
000016c1  ADC0_InitSWTriggerCh67        
00001cfd  ADC14_IRQHandler              
0000176b  ADC_In12                      
00001771  ADC_In17_12_16                
000016a1  ADC_In6                       
00001723  ADC_In67                      
00001cfd  AES256_IRQHandler             
00001cfd  BusFault_Handler              
00001d03  C$$EXIT                       
00001cfd  COMP_E0_IRQHandler            
00001cfd  COMP_E1_IRQHandler            
20000628  CPMwait                       
00001cfd  CS_IRQHandler                 
20000641  CURRENT_LEFT_WHEEL_DIRECTION  
20000640  CURRENT_RIGHT_WHEEL_DIRECTION 
20000620  ClockFrequency                
0000108d  Clock_Delay1ms                
00001063  Clock_Delay1us                
0000104f  Clock_GetFreq                 
00000f39  Clock_Init48MHz               
20000634  Crystalstable                 
00001cfd  DMA_ERR_IRQHandler            
00001cfd  DMA_INT0_IRQHandler           
00001cfd  DMA_INT1_IRQHandler           
00001cfd  DMA_INT2_IRQHandler           
00001cfd  DMA_INT3_IRQHandler           
00001cfd  DebugMon_Handler              
00001cfd  Default_Handler               
00000bd7  Drive_Motors                  
00000175  EUSCIA0_IRQHandler            
00000175  EUSCIA0_IRQHandler            
00000149  EUSCIA0_InChar                
00000611  EUSCIA0_InString              
000001c9  EUSCIA0_InUDec                
000004c5  EUSCIA0_InUHex                
000000e5  EUSCIA0_Init                  
0000015b  EUSCIA0_OutChar               
000001ab  EUSCIA0_OutString             
0000024d  EUSCIA0_OutUDec               
000003dd  EUSCIA0_OutUDec4              
00000415  EUSCIA0_OutUDec5              
00000451  EUSCIA0_OutUFix1              
00000479  EUSCIA0_OutUFix2              
0000058d  EUSCIA0_OutUHex               
000005f3  EUSCIA0_OutUHex2              
000005d1  EUSCIA0outnibble              
00001cfd  EUSCIA1_IRQHandler            
00001cfd  EUSCIA2_IRQHandler            
00001cfd  EUSCIA3_IRQHandler            
00001cfd  EUSCIB0_IRQHandler            
00001cfd  EUSCIB1_IRQHandler            
00001cfd  EUSCIB2_IRQHandler            
00001cfd  EUSCIB3_IRQHandler            
00001cfd  FLCTL_IRQHandler              
00001cfd  FPU_IRQHandler                
20000558  FSM_States                    
00001cfd  HardFault_Handler             
20000630  IFlags                        
00001119  LaunchPad_Init                
00001277  LaunchPad_Input               
00001291  LaunchPad_LED                 
000012af  LaunchPad_Output              
00000edf  LeftMotor_PWM                 
00001cfd  MemManage_Handler             
20000524  Messagec                      
2000052c  Messageindexc                 
00000ba7  Motor_Backward                
00000afd  Motor_Forward                 
000009c9  Motor_Init                    
00000b77  Motor_Left                    
00000b47  Motor_Right                   
00000aed  Motor_Stop                    
00001cfd  NMI_Handler                   
00001cfd  PCM_IRQHandler                
00001cfd  PORT1_IRQHandler              
00001cfd  PORT2_IRQHandler              
00001cfd  PORT3_IRQHandler              
00001cfd  PORT4_IRQHandler              
00001cfd  PORT5_IRQHandler              
00001cfd  PORT6_IRQHandler              
00001cfd  PSS_IRQHandler                
00000d9b  PWM_Duty1                     
00000dbb  PWM_Duty2                     
00000e7f  PWM_Duty3                     
00000e9f  PWM_Duty4                     
00000cb1  PWM_Init1                     
00000d17  PWM_Init12                    
00000ddb  PWM_Init34                    
000012f9  Pause                         
00001cfd  PendSV_Handler                
2000062c  Postwait                      
20000624  Prewait                       
00001cfd  RTC_C_IRQHandler              
00001cf1  Reset_Handler                 
00000ebf  RightMotor_PWM                
00001b8b  RxFifo0_Get                   
00001b7b  RxFifo0_Init                  
00001b7d  RxFifo0_Put                   
00001b97  RxFifo0_Size                  
00001cfd  SVC_Handler                   
00001cfd  SysTick_Handler               
00001895  SysTick_Init                  
000018a5  SysTick_Wait                  
00001919  SysTick_Wait10ms              
000018cb  SysTick_Wait10us              
000018f3  SysTick_Wait1us               
2000063c  SystemCoreClock               
0000069d  SystemCoreClockUpdate         
00000911  SystemInit                    
00001cfd  T32_INT1_IRQHandler           
00001cfd  T32_INT2_IRQHandler           
00001cfd  T32_INTC_IRQHandler           
000019cb  TA0_0_IRQHandler              
000019cb  TA0_0_IRQHandler              
00001cfd  TA0_N_IRQHandler              
00001af9  TA1_0_IRQHandler              
00001af9  TA1_0_IRQHandler              
00001cfd  TA1_N_IRQHandler              
0000185f  TA2_0_IRQHandler              
0000185f  TA2_0_IRQHandler              
00001cfd  TA2_N_IRQHandler              
00001cfd  TA3_0_IRQHandler              
00001cfd  TA3_N_IRQHandler              
20000530  TimerA0Task                   
00001951  TimerA0_Init                  
000019b5  TimerA0_Stop                  
20000534  TimerA1Task                   
00001a99  TimerA1_Init                  
00001af7  TimerA1_Stop                  
20000538  TimerA2Task                   
00001823  TimerA2_Change_Task           
000017c5  TimerA2_Init                  
0000184b  TimerA2_Stop                  
00001b6b  TxFifo0_Get                   
00001b29  TxFifo0_Init                  
00001b51  TxFifo0_Put                   
00001b77  TxFifo0_Size                  
20000400  TxHistogram                   
00001cfd  UsageFault_Handler            
4000480c  WDTCTL_SYM                    
00001cfd  WDT_A_IRQHandler              
20010000  __STACK_END                   
00000200  __STACK_SIZE                  
00000400  __SYSMEM_SIZE                 
00001d88  __TI_CINIT_Base               
00001d98  __TI_CINIT_Limit              
00001d70  __TI_Handler_Table_Base       
00001d7c  __TI_Handler_Table_Limit      
00001c55  __TI_auto_init_nobinit_nopinit
00001ba1  __TI_decompress_lzss          
00001ce3  __TI_decompress_none          
ffffffff  __TI_pprof_out_hndl           
ffffffff  __TI_prof_data_size           
ffffffff  __TI_prof_data_start          
00000000  __TI_static_base__            
00001cd1  __TI_zero_init_nomemset       
000019fd  __aeabi_memcpy                
000019fd  __aeabi_memcpy4               
000019fd  __aeabi_memcpy8               
ffffffff  __binit__                     
ffffffff  __c_args__                    
UNDEFED   __mpu_init                    
2000fe00  __stack                       
00001c99  _c_int00_noargs               
20000000  _sys_memory                   
UNDEFED   _system_post_cinit            
00001cff  _system_pre_init              
00001d03  abort                         
0000130d  average_array                 
ffffffff  binit                         
2000053c  center_distance               
0000134d  convert_sensor_to_distance    
20000642  current_segment               
00001055  delay                         
00001c09  distance_to_obj               
00000000  interruptVectors              
20000540  left_distance                 
00001407  main                          
000019fd  memcpy                        
00001d06  number                        
20000544  right_distance                
20000548  segment_mapping               
20000638  segment_pin_map               
000015dd  segment_update_task           
2000054c  sensor_center                 
20000500  sensor_center_buff            
20000550  sensor_left                   
2000050c  sensor_left_buff              
20000554  sensor_right                  
20000518  sensor_right_buff             
00001191  set_color                     
00001189  set_color_red                 
0000155d  set_segment_value             
000014d5  seven_segment_setup           
000013a3  timerA2_task                  
0000158d  write_to_segment              


GLOBAL SYMBOLS: SORTED BY Symbol Address 

address   name                          
-------   ----                          
00000000  __TI_static_base__            
00000000  interruptVectors              
000000e5  EUSCIA0_Init                  
00000149  EUSCIA0_InChar                
0000015b  EUSCIA0_OutChar               
00000175  EUSCIA0_IRQHandler            
00000175  EUSCIA0_IRQHandler            
000001ab  EUSCIA0_OutString             
000001c9  EUSCIA0_InUDec                
00000200  __STACK_SIZE                  
0000024d  EUSCIA0_OutUDec               
000003dd  EUSCIA0_OutUDec4              
00000400  __SYSMEM_SIZE                 
00000415  EUSCIA0_OutUDec5              
00000451  EUSCIA0_OutUFix1              
00000479  EUSCIA0_OutUFix2              
000004c5  EUSCIA0_InUHex                
0000058d  EUSCIA0_OutUHex               
000005d1  EUSCIA0outnibble              
000005f3  EUSCIA0_OutUHex2              
00000611  EUSCIA0_InString              
0000069d  SystemCoreClockUpdate         
00000911  SystemInit                    
000009c9  Motor_Init                    
00000aed  Motor_Stop                    
00000afd  Motor_Forward                 
00000b47  Motor_Right                   
00000b77  Motor_Left                    
00000ba7  Motor_Backward                
00000bd7  Drive_Motors                  
00000cb1  PWM_Init1                     
00000d17  PWM_Init12                    
00000d9b  PWM_Duty1                     
00000dbb  PWM_Duty2                     
00000ddb  PWM_Init34                    
00000e7f  PWM_Duty3                     
00000e9f  PWM_Duty4                     
00000ebf  RightMotor_PWM                
00000edf  LeftMotor_PWM                 
00000f39  Clock_Init48MHz               
0000104f  Clock_GetFreq                 
00001055  delay                         
00001063  Clock_Delay1us                
0000108d  Clock_Delay1ms                
00001119  LaunchPad_Init                
00001189  set_color_red                 
00001191  set_color                     
00001277  LaunchPad_Input               
00001291  LaunchPad_LED                 
000012af  LaunchPad_Output              
000012f9  Pause                         
0000130d  average_array                 
0000134d  convert_sensor_to_distance    
000013a3  timerA2_task                  
00001407  main                          
000014d5  seven_segment_setup           
0000155d  set_segment_value             
0000158d  write_to_segment              
000015dd  segment_update_task           
00001651  ADC0_InitSWTriggerCh6         
000016a1  ADC_In6                       
000016c1  ADC0_InitSWTriggerCh67        
00001723  ADC_In67                      
00001769  ADC0_InitSWTriggerCh12        
0000176b  ADC_In12                      
0000176f  ADC0_InitSWTriggerCh17_12_16  
00001771  ADC_In17_12_16                
000017c5  TimerA2_Init                  
00001823  TimerA2_Change_Task           
0000184b  TimerA2_Stop                  
0000185f  TA2_0_IRQHandler              
0000185f  TA2_0_IRQHandler              
00001895  SysTick_Init                  
000018a5  SysTick_Wait                  
000018cb  SysTick_Wait10us              
000018f3  SysTick_Wait1us               
00001919  SysTick_Wait10ms              
00001951  TimerA0_Init                  
000019b5  TimerA0_Stop                  
000019cb  TA0_0_IRQHandler              
000019cb  TA0_0_IRQHandler              
000019fd  __aeabi_memcpy                
000019fd  __aeabi_memcpy4               
000019fd  __aeabi_memcpy8               
000019fd  memcpy                        
00001a99  TimerA1_Init                  
00001af7  TimerA1_Stop                  
00001af9  TA1_0_IRQHandler              
00001af9  TA1_0_IRQHandler              
00001b29  TxFifo0_Init                  
00001b51  TxFifo0_Put                   
00001b6b  TxFifo0_Get                   
00001b77  TxFifo0_Size                  
00001b7b  RxFifo0_Init                  
00001b7d  RxFifo0_Put                   
00001b8b  RxFifo0_Get                   
00001b97  RxFifo0_Size                  
00001ba1  __TI_decompress_lzss          
00001c09  distance_to_obj               
00001c55  __TI_auto_init_nobinit_nopinit
00001c99  _c_int00_noargs               
00001cd1  __TI_zero_init_nomemset       
00001ce3  __TI_decompress_none          
00001cf1  Reset_Handler                 
00001cfd  ADC14_IRQHandler              
00001cfd  AES256_IRQHandler             
00001cfd  BusFault_Handler              
00001cfd  COMP_E0_IRQHandler            
00001cfd  COMP_E1_IRQHandler            
00001cfd  CS_IRQHandler                 
00001cfd  DMA_ERR_IRQHandler            
00001cfd  DMA_INT0_IRQHandler           
00001cfd  DMA_INT1_IRQHandler           
00001cfd  DMA_INT2_IRQHandler           
00001cfd  DMA_INT3_IRQHandler           
00001cfd  DebugMon_Handler              
00001cfd  Default_Handler               
00001cfd  EUSCIA1_IRQHandler            
00001cfd  EUSCIA2_IRQHandler            
00001cfd  EUSCIA3_IRQHandler            
00001cfd  EUSCIB0_IRQHandler            
00001cfd  EUSCIB1_IRQHandler            
00001cfd  EUSCIB2_IRQHandler            
00001cfd  EUSCIB3_IRQHandler            
00001cfd  FLCTL_IRQHandler              
00001cfd  FPU_IRQHandler                
00001cfd  HardFault_Handler             
00001cfd  MemManage_Handler             
00001cfd  NMI_Handler                   
00001cfd  PCM_IRQHandler                
00001cfd  PORT1_IRQHandler              
00001cfd  PORT2_IRQHandler              
00001cfd  PORT3_IRQHandler              
00001cfd  PORT4_IRQHandler              
00001cfd  PORT5_IRQHandler              
00001cfd  PORT6_IRQHandler              
00001cfd  PSS_IRQHandler                
00001cfd  PendSV_Handler                
00001cfd  RTC_C_IRQHandler              
00001cfd  SVC_Handler                   
00001cfd  SysTick_Handler               
00001cfd  T32_INT1_IRQHandler           
00001cfd  T32_INT2_IRQHandler           
00001cfd  T32_INTC_IRQHandler           
00001cfd  TA0_N_IRQHandler              
00001cfd  TA1_N_IRQHandler              
00001cfd  TA2_N_IRQHandler              
00001cfd  TA3_0_IRQHandler              
00001cfd  TA3_N_IRQHandler              
00001cfd  UsageFault_Handler            
00001cfd  WDT_A_IRQHandler              
00001cff  _system_pre_init              
00001d03  C$$EXIT                       
00001d03  abort                         
00001d06  number                        
00001d70  __TI_Handler_Table_Base       
00001d7c  __TI_Handler_Table_Limit      
00001d88  __TI_CINIT_Base               
00001d98  __TI_CINIT_Limit              
20000000  _sys_memory                   
20000400  TxHistogram                   
20000500  sensor_center_buff            
2000050c  sensor_left_buff              
20000518  sensor_right_buff             
20000524  Messagec                      
2000052c  Messageindexc                 
20000530  TimerA0Task                   
20000534  TimerA1Task                   
20000538  TimerA2Task                   
2000053c  center_distance               
20000540  left_distance                 
20000544  right_distance                
20000548  segment_mapping               
2000054c  sensor_center                 
20000550  sensor_left                   
20000554  sensor_right                  
20000558  FSM_States                    
20000620  ClockFrequency                
20000624  Prewait                       
20000628  CPMwait                       
2000062c  Postwait                      
20000630  IFlags                        
20000634  Crystalstable                 
20000638  segment_pin_map               
2000063c  SystemCoreClock               
20000640  CURRENT_RIGHT_WHEEL_DIRECTION 
20000641  CURRENT_LEFT_WHEEL_DIRECTION  
20000642  current_segment               
2000fe00  __stack                       
20010000  __STACK_END                   
4000480c  WDTCTL_SYM                    
ffffffff  __TI_pprof_out_hndl           
ffffffff  __TI_prof_data_size           
ffffffff  __TI_prof_data_start          
ffffffff  __binit__                     
ffffffff  __c_args__                    
ffffffff  binit                         
UNDEFED   __mpu_init                    
UNDEFED   _system_post_cinit            

[199 symbols]
