******************************************************************************
                  TI ARM Linker Unix v18.1.4                   
******************************************************************************
>> Linked Fri Nov 15 13:33:19 2019

OUTPUT FILE NAME:   <Lab12_Motors.out>
ENTRY POINT SYMBOL: "_c_int00_noargs"  address: 000011a1


MEMORY CONFIGURATION

         name            origin    length      used     unused   attr    fill
----------------------  --------  ---------  --------  --------  ----  --------
  MAIN                  00000000   00040000  00001246  0003edba  R  X
  INFO                  00200000   00004000  00000000  00004000  R  X
  SRAM_CODE             01000000   00010000  00000728  0000f8d8  RW X
  SRAM_DATA             20000000   00010000  00000728  0000f8d8  RW  


SEGMENT ALLOCATION MAP

run origin  load origin   length   init length attrs members
----------  ----------- ---------- ----------- ----- -------
00000000    00000000    00001248   00001248    r-x
  00000000    00000000    000000e4   000000e4    r-- .intvecs
  000000e4    000000e4    0000112a   0000112a    r-x .text
  00001210    00001210    00000038   00000038    r-- .cinit
20000000    20000000    00000528   00000000    rw-
  20000000    20000000    00000400   00000000    rw- .sysmem
  20000400    20000400    0000010c   00000000    rw- .bss
  2000050c    2000050c    0000001c   00000000    rw- .data
2000fe00    2000fe00    00000200   00000000    rw-
  2000fe00    2000fe00    00000200   00000000    rw- .stack


SECTION ALLOCATION MAP

 output                                  attributes/
section   page    origin      length       input sections
--------  ----  ----------  ----------   ----------------
.intvecs   0    00000000    000000e4     
                  00000000    000000e4     startup_msp432p401r_ccs.obj (.intvecs:retain)

.text      0    000000e4    0000112a     
                  000000e4    000005b6     EUSCIA0.obj (.text)
                  0000069a    00000002     --HOLE-- [fill = 0]
                  0000069c    0000032c     system_msp432p401r.obj (.text)
                  000009c8    000001e0     Clock.obj (.text)
                  00000ba8    000001e0     LaunchPad.obj (.text)
                  00000d88    00000174     ADC14.obj (.text)
                  00000efc    000000e4     Lab12_Motorsmain.obj (.text)
                  00000fe0    0000009c     rtsv7M4_T_le_v4SPD16_eabi.lib : memcpy_t2.asm.obj (.text)
                  0000107c    00000078     FIFO0.obj (.text)
                  000010f4    00000068     rtsv7M4_T_le_v4SPD16_eabi.lib : copy_decompress_lzss.c.obj (.text:decompress:lzss:__TI_decompress_lzss)
                  0000115c    00000044                                   : autoinit.c.obj (.text:__TI_auto_init_nobinit_nopinit:__TI_auto_init_nobinit_nopinit)
                  000011a0    00000038                                   : boot_cortex_m.c.obj (.text:_c_int00_noargs:_c_int00_noargs)
                  000011d8    00000012                                   : copy_zero_init.c.obj (.text:decompress:ZI:__TI_zero_init_nomemset:__TI_zero_init_nomemset)
                  000011ea    0000000e                                   : copy_decompress_none.c.obj (.text:decompress:none:__TI_decompress_none)
                  000011f8    0000000e     startup_msp432p401r_ccs.obj (.text)
                  00001206    00000004     rtsv7M4_T_le_v4SPD16_eabi.lib : pre_init.c.obj (.text:_system_pre_init)
                  0000120a    00000004                                   : exit.c.obj (.text:abort:abort)

.cinit     0    00001210    00000038     
                  00001210    0000000d     (.cinit..data.load) [load image, compression = lzss]
                  0000121d    00000003     --HOLE-- [fill = 0]
                  00001220    0000000c     (__TI_handler_table)
                  0000122c    00000004     --HOLE-- [fill = 0]
                  00001230    00000008     (.cinit..bss.load) [load image, compression = zero_init]
                  00001238    00000010     (__TI_cinit_table)

.init_array 
*          0    00000000    00000000     UNINITIALIZED

.binit     0    00000000    00000000     

.sysmem    0    20000000    00000400     UNINITIALIZED
                  20000000    00000008     rtsv7M4_T_le_v4SPD16_eabi.lib : memory.c.obj (.sysmem)
                  20000008    000003f8     --HOLE--

.bss       0    20000400    0000010c     UNINITIALIZED
                  20000400    00000100     (.common:TxHistogram)
                  20000500    00000008     (.common:Messagec)
                  20000508    00000004     (.common:Messageindexc)

.data      0    2000050c    0000001c     UNINITIALIZED
                  2000050c    00000018     Clock.obj (.data)
                  20000524    00000004     system_msp432p401r.obj (.data)

.stack     0    2000fe00    00000200     UNINITIALIZED
                  2000fe00    00000004     rtsv7M4_T_le_v4SPD16_eabi.lib : boot_cortex_m.c.obj (.stack)
                  2000fe04    000001fc     --HOLE--

MODULE SUMMARY

       Module                        code   ro data   rw data
       ------                        ----   -------   -------
    ./
       EUSCIA0.obj                   1462   0         24     
       system_msp432p401r.obj        812    0         8      
       FIFO0.obj                     120    0         512    
       Clock.obj                     480    0         48     
       LaunchPad.obj                 480    0         0      
       ADC14.obj                     372    0         0      
       startup_msp432p401r_ccs.obj   14     228       0      
       Lab12_Motorsmain.obj          228    0         0      
    +--+-----------------------------+------+---------+---------+
       Total:                        3968   228       592    
                                                             
    /opt/ccstudio/ccsv8/tools/compiler/ti-cgt-arm_18.1.4.LTS/lib/rtsv7M4_T_le_v4SPD16_eabi.lib
       memcpy_t2.asm.obj             156    0         0      
       copy_decompress_lzss.c.obj    104    0         0      
       autoinit.c.obj                68     0         0      
       boot_cortex_m.c.obj           56     0         0      
       copy_zero_init.c.obj          18     0         0      
       copy_decompress_none.c.obj    14     0         0      
       exit.c.obj                    4      0         0      
       pre_init.c.obj                4      0         0      
    +--+-----------------------------+------+---------+---------+
       Total:                        424    0         0      
                                                             
       Heap:                         0      0         2048   
       Stack:                        0      0         1024   
       Linker Generated:             0      49        0      
    +--+-----------------------------+------+---------+---------+
       Grand Total:                  4392   277       3664   


LINKER GENERATED COPY TABLES

__TI_cinit_table @ 00001238 records: 2, size/record: 8, table size: 16
	.data: load addr=00001210, load size=0000000d bytes, run addr=2000050c, run size=0000001c bytes, compression=lzss
	.bss: load addr=00001230, load size=00000008 bytes, run addr=20000400, run size=0000010c bytes, compression=zero_init


LINKER GENERATED HANDLER TABLE

__TI_handler_table @ 00001220 records: 3, size/record: 4, table size: 12
	index: 0, handler: __TI_decompress_lzss
	index: 1, handler: __TI_decompress_none
	index: 2, handler: __TI_zero_init


GLOBAL SYMBOLS: SORTED ALPHABETICALLY BY Name 

address   name                          
-------   ----                          
00000ea3  ADC0_InitSWTriggerCh12        
00000ea9  ADC0_InitSWTriggerCh17_12_16  
00000d89  ADC0_InitSWTriggerCh6         
00000df9  ADC0_InitSWTriggerCh67        
00001205  ADC14_IRQHandler              
00000ea5  ADC_In12                      
00000eab  ADC_In17_12_16                
00000dd9  ADC_In6                       
00000e5b  ADC_In67                      
00001205  AES256_IRQHandler             
00001205  BusFault_Handler              
0000120b  C$$EXIT                       
00001205  COMP_E0_IRQHandler            
00001205  COMP_E1_IRQHandler            
20000514  CPMwait                       
00001205  CS_IRQHandler                 
2000050c  ClockFrequency                
00000b1d  Clock_Delay1ms                
00000af3  Clock_Delay1us                
00000adf  Clock_GetFreq                 
000009c9  Clock_Init48MHz               
20000520  Crystalstable                 
00001205  DMA_ERR_IRQHandler            
00001205  DMA_INT0_IRQHandler           
00001205  DMA_INT1_IRQHandler           
00001205  DMA_INT2_IRQHandler           
00001205  DMA_INT3_IRQHandler           
00001205  DebugMon_Handler              
00001205  Default_Handler               
00000175  EUSCIA0_IRQHandler            
00000175  EUSCIA0_IRQHandler            
00000149  EUSCIA0_InChar                
00000611  EUSCIA0_InString              
000001c9  EUSCIA0_InUDec                
000004c5  EUSCIA0_InUHex                
000000e5  EUSCIA0_Init                  
0000015b  EUSCIA0_OutChar               
000001ab  EUSCIA0_OutString             
0000024d  EUSCIA0_OutUDec               
000003dd  EUSCIA0_OutUDec4              
00000415  EUSCIA0_OutUDec5              
00000451  EUSCIA0_OutUFix1              
00000479  EUSCIA0_OutUFix2              
0000058d  EUSCIA0_OutUHex               
000005f3  EUSCIA0_OutUHex2              
000005d1  EUSCIA0outnibble              
00001205  EUSCIA1_IRQHandler            
00001205  EUSCIA2_IRQHandler            
00001205  EUSCIA3_IRQHandler            
00001205  EUSCIB0_IRQHandler            
00001205  EUSCIB1_IRQHandler            
00001205  EUSCIB2_IRQHandler            
00001205  EUSCIB3_IRQHandler            
00001205  FLCTL_IRQHandler              
00001205  FPU_IRQHandler                
00001205  HardFault_Handler             
2000051c  IFlags                        
00000ba9  LaunchPad_Init                
00000d07  LaunchPad_Input               
00000d21  LaunchPad_LED                 
00000d3f  LaunchPad_Output              
00001205  MemManage_Handler             
20000500  Messagec                      
20000508  Messageindexc                 
00001205  NMI_Handler                   
00001205  PCM_IRQHandler                
00001205  PORT1_IRQHandler              
00001205  PORT2_IRQHandler              
00001205  PORT3_IRQHandler              
00001205  PORT4_IRQHandler              
00001205  PORT5_IRQHandler              
00001205  PORT6_IRQHandler              
00001205  PSS_IRQHandler                
00000efd  Pause                         
00001205  PendSV_Handler                
20000518  Postwait                      
20000510  Prewait                       
00001205  RTC_C_IRQHandler              
000011f9  Reset_Handler                 
000010df  RxFifo0_Get                   
000010cf  RxFifo0_Init                  
000010d1  RxFifo0_Put                   
000010eb  RxFifo0_Size                  
00001205  SVC_Handler                   
00001205  SysTick_Handler               
20000524  SystemCoreClock               
0000069d  SystemCoreClockUpdate         
00000911  SystemInit                    
00001205  T32_INT1_IRQHandler           
00001205  T32_INT2_IRQHandler           
00001205  T32_INTC_IRQHandler           
00001205  TA0_0_IRQHandler              
00001205  TA0_N_IRQHandler              
00001205  TA1_0_IRQHandler              
00001205  TA1_N_IRQHandler              
00001205  TA2_0_IRQHandler              
00001205  TA2_N_IRQHandler              
00001205  TA3_0_IRQHandler              
00001205  TA3_N_IRQHandler              
000010bf  TxFifo0_Get                   
0000107d  TxFifo0_Init                  
000010a5  TxFifo0_Put                   
000010cb  TxFifo0_Size                  
20000400  TxHistogram                   
00001205  UsageFault_Handler            
4000480c  WDTCTL_SYM                    
00001205  WDT_A_IRQHandler              
20010000  __STACK_END                   
00000200  __STACK_SIZE                  
00000400  __SYSMEM_SIZE                 
00001238  __TI_CINIT_Base               
00001248  __TI_CINIT_Limit              
00001220  __TI_Handler_Table_Base       
0000122c  __TI_Handler_Table_Limit      
0000115d  __TI_auto_init_nobinit_nopinit
000010f5  __TI_decompress_lzss          
000011eb  __TI_decompress_none          
ffffffff  __TI_pprof_out_hndl           
ffffffff  __TI_prof_data_size           
ffffffff  __TI_prof_data_start          
00000000  __TI_static_base__            
000011d9  __TI_zero_init_nomemset       
00000fe1  __aeabi_memcpy                
00000fe1  __aeabi_memcpy4               
00000fe1  __aeabi_memcpy8               
ffffffff  __binit__                     
ffffffff  __c_args__                    
UNDEFED   __mpu_init                    
2000fe00  __stack                       
000011a1  _c_int00_noargs               
20000000  _sys_memory                   
UNDEFED   _system_post_cinit            
00001207  _system_pre_init              
0000120b  abort                         
ffffffff  binit                         
00000f11  configure_ADC                 
00000ae5  delay                         
00000000  interruptVectors              
00000f9b  main                          
00000fe1  memcpy                        
00000f67  read_ADC                      
00000c21  set_color                     
00000c19  set_color_red                 


GLOBAL SYMBOLS: SORTED BY Symbol Address 

address   name                          
-------   ----                          
00000000  __TI_static_base__            
00000000  interruptVectors              
000000e5  EUSCIA0_Init                  
00000149  EUSCIA0_InChar                
0000015b  EUSCIA0_OutChar               
00000175  EUSCIA0_IRQHandler            
00000175  EUSCIA0_IRQHandler            
000001ab  EUSCIA0_OutString             
000001c9  EUSCIA0_InUDec                
00000200  __STACK_SIZE                  
0000024d  EUSCIA0_OutUDec               
000003dd  EUSCIA0_OutUDec4              
00000400  __SYSMEM_SIZE                 
00000415  EUSCIA0_OutUDec5              
00000451  EUSCIA0_OutUFix1              
00000479  EUSCIA0_OutUFix2              
000004c5  EUSCIA0_InUHex                
0000058d  EUSCIA0_OutUHex               
000005d1  EUSCIA0outnibble              
000005f3  EUSCIA0_OutUHex2              
00000611  EUSCIA0_InString              
0000069d  SystemCoreClockUpdate         
00000911  SystemInit                    
000009c9  Clock_Init48MHz               
00000adf  Clock_GetFreq                 
00000ae5  delay                         
00000af3  Clock_Delay1us                
00000b1d  Clock_Delay1ms                
00000ba9  LaunchPad_Init                
00000c19  set_color_red                 
00000c21  set_color                     
00000d07  LaunchPad_Input               
00000d21  LaunchPad_LED                 
00000d3f  LaunchPad_Output              
00000d89  ADC0_InitSWTriggerCh6         
00000dd9  ADC_In6                       
00000df9  ADC0_InitSWTriggerCh67        
00000e5b  ADC_In67                      
00000ea3  ADC0_InitSWTriggerCh12        
00000ea5  ADC_In12                      
00000ea9  ADC0_InitSWTriggerCh17_12_16  
00000eab  ADC_In17_12_16                
00000efd  Pause                         
00000f11  configure_ADC                 
00000f67  read_ADC                      
00000f9b  main                          
00000fe1  __aeabi_memcpy                
00000fe1  __aeabi_memcpy4               
00000fe1  __aeabi_memcpy8               
00000fe1  memcpy                        
0000107d  TxFifo0_Init                  
000010a5  TxFifo0_Put                   
000010bf  TxFifo0_Get                   
000010cb  TxFifo0_Size                  
000010cf  RxFifo0_Init                  
000010d1  RxFifo0_Put                   
000010df  RxFifo0_Get                   
000010eb  RxFifo0_Size                  
000010f5  __TI_decompress_lzss          
0000115d  __TI_auto_init_nobinit_nopinit
000011a1  _c_int00_noargs               
000011d9  __TI_zero_init_nomemset       
000011eb  __TI_decompress_none          
000011f9  Reset_Handler                 
00001205  ADC14_IRQHandler              
00001205  AES256_IRQHandler             
00001205  BusFault_Handler              
00001205  COMP_E0_IRQHandler            
00001205  COMP_E1_IRQHandler            
00001205  CS_IRQHandler                 
00001205  DMA_ERR_IRQHandler            
00001205  DMA_INT0_IRQHandler           
00001205  DMA_INT1_IRQHandler           
00001205  DMA_INT2_IRQHandler           
00001205  DMA_INT3_IRQHandler           
00001205  DebugMon_Handler              
00001205  Default_Handler               
00001205  EUSCIA1_IRQHandler            
00001205  EUSCIA2_IRQHandler            
00001205  EUSCIA3_IRQHandler            
00001205  EUSCIB0_IRQHandler            
00001205  EUSCIB1_IRQHandler            
00001205  EUSCIB2_IRQHandler            
00001205  EUSCIB3_IRQHandler            
00001205  FLCTL_IRQHandler              
00001205  FPU_IRQHandler                
00001205  HardFault_Handler             
00001205  MemManage_Handler             
00001205  NMI_Handler                   
00001205  PCM_IRQHandler                
00001205  PORT1_IRQHandler              
00001205  PORT2_IRQHandler              
00001205  PORT3_IRQHandler              
00001205  PORT4_IRQHandler              
00001205  PORT5_IRQHandler              
00001205  PORT6_IRQHandler              
00001205  PSS_IRQHandler                
00001205  PendSV_Handler                
00001205  RTC_C_IRQHandler              
00001205  SVC_Handler                   
00001205  SysTick_Handler               
00001205  T32_INT1_IRQHandler           
00001205  T32_INT2_IRQHandler           
00001205  T32_INTC_IRQHandler           
00001205  TA0_0_IRQHandler              
00001205  TA0_N_IRQHandler              
00001205  TA1_0_IRQHandler              
00001205  TA1_N_IRQHandler              
00001205  TA2_0_IRQHandler              
00001205  TA2_N_IRQHandler              
00001205  TA3_0_IRQHandler              
00001205  TA3_N_IRQHandler              
00001205  UsageFault_Handler            
00001205  WDT_A_IRQHandler              
00001207  _system_pre_init              
0000120b  C$$EXIT                       
0000120b  abort                         
00001220  __TI_Handler_Table_Base       
0000122c  __TI_Handler_Table_Limit      
00001238  __TI_CINIT_Base               
00001248  __TI_CINIT_Limit              
20000000  _sys_memory                   
20000400  TxHistogram                   
20000500  Messagec                      
20000508  Messageindexc                 
2000050c  ClockFrequency                
20000510  Prewait                       
20000514  CPMwait                       
20000518  Postwait                      
2000051c  IFlags                        
20000520  Crystalstable                 
20000524  SystemCoreClock               
2000fe00  __stack                       
20010000  __STACK_END                   
4000480c  WDTCTL_SYM                    
ffffffff  __TI_pprof_out_hndl           
ffffffff  __TI_prof_data_size           
ffffffff  __TI_prof_data_start          
ffffffff  __binit__                     
ffffffff  __c_args__                    
ffffffff  binit                         
UNDEFED   __mpu_init                    
UNDEFED   _system_post_cinit            

[143 symbols]
