******************************************************************************
                  TI ARM Linker Unix v18.1.4                   
******************************************************************************
>> Linked Fri Nov 15 18:21:34 2019

OUTPUT FILE NAME:   <Lab12_Motors.out>
ENTRY POINT SYMBOL: "_c_int00_noargs"  address: 000013b9


MEMORY CONFIGURATION

         name            origin    length      used     unused   attr    fill
----------------------  --------  ---------  --------  --------  ----  --------
  MAIN                  00000000   00040000  0000149e  0003eb62  R  X
  INFO                  00200000   00004000  00000000  00004000  R  X
  SRAM_CODE             01000000   00010000  00000830  0000f7d0  RW X
  SRAM_DATA             20000000   00010000  00000830  0000f7d0  RW  


SEGMENT ALLOCATION MAP

run origin  load origin   length   init length attrs members
----------  ----------- ---------- ----------- ----- -------
00000000    00000000    000014a0   000014a0    r-x
  00000000    00000000    000000e4   000000e4    r-- .intvecs
  000000e4    000000e4    00001342   00001342    r-x .text
  00001428    00001428    00000078   00000078    r-- .cinit
20000000    20000000    00000630   00000000    rw-
  20000000    20000000    00000400   00000000    rw- .sysmem
  20000400    20000400    0000014c   00000000    rw- .bss
  2000054c    2000054c    000000e4   00000000    rw- .data
2000fe00    2000fe00    00000200   00000000    rw-
  2000fe00    2000fe00    00000200   00000000    rw- .stack


SECTION ALLOCATION MAP

 output                                  attributes/
section   page    origin      length       input sections
--------  ----  ----------  ----------   ----------------
.intvecs   0    00000000    000000e4     
                  00000000    000000e4     startup_msp432p401r_ccs.obj (.intvecs:retain)

.text      0    000000e4    00001342     
                  000000e4    000005b6     EUSCIA0.obj (.text)
                  0000069a    00000002     --HOLE-- [fill = 0]
                  0000069c    0000032c     system_msp432p401r.obj (.text)
                  000009c8    0000022c     Lab12_Motorsmain.obj (.text)
                  00000bf4    000001e0     Clock.obj (.text)
                  00000dd4    000001e0     LaunchPad.obj (.text)
                  00000fb4    00000174     ADC14.obj (.text)
                  00001128    000000d0     TimerA2.obj (.text)
                  000011f8    0000009c     rtsv7M4_T_le_v4SPD16_eabi.lib : memcpy_t2.asm.obj (.text)
                  00001294    00000078     FIFO0.obj (.text)
                  0000130c    00000068     rtsv7M4_T_le_v4SPD16_eabi.lib : copy_decompress_lzss.c.obj (.text:decompress:lzss:__TI_decompress_lzss)
                  00001374    00000044                                   : autoinit.c.obj (.text:__TI_auto_init_nobinit_nopinit:__TI_auto_init_nobinit_nopinit)
                  000013b8    00000038                                   : boot_cortex_m.c.obj (.text:_c_int00_noargs:_c_int00_noargs)
                  000013f0    00000012                                   : copy_zero_init.c.obj (.text:decompress:ZI:__TI_zero_init_nomemset:__TI_zero_init_nomemset)
                  00001402    0000000e                                   : copy_decompress_none.c.obj (.text:decompress:none:__TI_decompress_none)
                  00001410    0000000e     startup_msp432p401r_ccs.obj (.text)
                  0000141e    00000004     rtsv7M4_T_le_v4SPD16_eabi.lib : pre_init.c.obj (.text:_system_pre_init)
                  00001422    00000004                                   : exit.c.obj (.text:abort:abort)

.cinit     0    00001428    00000078     
                  00001428    00000054     (.cinit..data.load) [load image, compression = lzss]
                  0000147c    0000000c     (__TI_handler_table)
                  00001488    00000008     (.cinit..bss.load) [load image, compression = zero_init]
                  00001490    00000010     (__TI_cinit_table)

.init_array 
*          0    00000000    00000000     UNINITIALIZED

.binit     0    00000000    00000000     

.sysmem    0    20000000    00000400     UNINITIALIZED
                  20000000    00000008     rtsv7M4_T_le_v4SPD16_eabi.lib : memory.c.obj (.sysmem)
                  20000008    000003f8     --HOLE--

.bss       0    20000400    0000014c     UNINITIALIZED
                  20000400    00000100     (.common:TxHistogram)
                  20000500    0000000c     (.common:sensor_center_buff)
                  2000050c    0000000c     (.common:sensor_left_buff)
                  20000518    0000000c     (.common:sensor_right_buff)
                  20000524    00000008     (.common:Messagec)
                  2000052c    00000004     (.common:Messageindexc)
                  20000530    00000004     (.common:TimerA2Task)
                  20000534    00000004     (.common:center_distance)
                  20000538    00000004     (.common:left_distance)
                  2000053c    00000004     (.common:right_distance)
                  20000540    00000004     (.common:sensor_center)
                  20000544    00000004     (.common:sensor_left)
                  20000548    00000004     (.common:sensor_right)

.data      0    2000054c    000000e4     UNINITIALIZED
                  2000054c    000000c8     Lab12_Motorsmain.obj (.data:FSM_States)
                  20000614    00000018     Clock.obj (.data)
                  2000062c    00000004     system_msp432p401r.obj (.data)

.stack     0    2000fe00    00000200     UNINITIALIZED
                  2000fe00    00000004     rtsv7M4_T_le_v4SPD16_eabi.lib : boot_cortex_m.c.obj (.stack)
                  2000fe04    000001fc     --HOLE--

MODULE SUMMARY

       Module                        code   ro data   rw data
       ------                        ----   -------   -------
    ./
       EUSCIA0.obj                   1462   0         24     
       Lab12_Motorsmain.obj          556    0         520    
       system_msp432p401r.obj        812    0         8      
       FIFO0.obj                     120    0         512    
       Clock.obj                     480    0         48     
       LaunchPad.obj                 480    0         0      
       ADC14.obj                     372    0         0      
       startup_msp432p401r_ccs.obj   14     228       0      
       TimerA2.obj                   208    0         8      
    +--+-----------------------------+------+---------+---------+
       Total:                        4504   228       1120   
                                                             
    /opt/ccstudio/ccsv8/tools/compiler/ti-cgt-arm_18.1.4.LTS/lib/rtsv7M4_T_le_v4SPD16_eabi.lib
       memcpy_t2.asm.obj             156    0         0      
       copy_decompress_lzss.c.obj    104    0         0      
       autoinit.c.obj                68     0         0      
       boot_cortex_m.c.obj           56     0         0      
       copy_zero_init.c.obj          18     0         0      
       copy_decompress_none.c.obj    14     0         0      
       exit.c.obj                    4      0         0      
       pre_init.c.obj                4      0         0      
    +--+-----------------------------+------+---------+---------+
       Total:                        424    0         0      
                                                             
       Heap:                         0      0         2048   
       Stack:                        0      0         1024   
       Linker Generated:             0      120       0      
    +--+-----------------------------+------+---------+---------+
       Grand Total:                  4928   348       4192   


LINKER GENERATED COPY TABLES

__TI_cinit_table @ 00001490 records: 2, size/record: 8, table size: 16
	.data: load addr=00001428, load size=00000054 bytes, run addr=2000054c, run size=000000e4 bytes, compression=lzss
	.bss: load addr=00001488, load size=00000008 bytes, run addr=20000400, run size=0000014c bytes, compression=zero_init


LINKER GENERATED HANDLER TABLE

__TI_handler_table @ 0000147c records: 3, size/record: 4, table size: 12
	index: 0, handler: __TI_decompress_lzss
	index: 1, handler: __TI_decompress_none
	index: 2, handler: __TI_zero_init


GLOBAL SYMBOLS: SORTED ALPHABETICALLY BY Name 

address   name                          
-------   ----                          
000010cf  ADC0_InitSWTriggerCh12        
000010d5  ADC0_InitSWTriggerCh17_12_16  
00000fb5  ADC0_InitSWTriggerCh6         
00001025  ADC0_InitSWTriggerCh67        
0000141d  ADC14_IRQHandler              
000010d1  ADC_In12                      
000010d7  ADC_In17_12_16                
00001005  ADC_In6                       
00001087  ADC_In67                      
0000141d  AES256_IRQHandler             
0000141d  BusFault_Handler              
00001423  C$$EXIT                       
0000141d  COMP_E0_IRQHandler            
0000141d  COMP_E1_IRQHandler            
2000061c  CPMwait                       
0000141d  CS_IRQHandler                 
20000614  ClockFrequency                
00000d49  Clock_Delay1ms                
00000d1f  Clock_Delay1us                
00000d0b  Clock_GetFreq                 
00000bf5  Clock_Init48MHz               
20000628  Crystalstable                 
0000141d  DMA_ERR_IRQHandler            
0000141d  DMA_INT0_IRQHandler           
0000141d  DMA_INT1_IRQHandler           
0000141d  DMA_INT2_IRQHandler           
0000141d  DMA_INT3_IRQHandler           
0000141d  DebugMon_Handler              
0000141d  Default_Handler               
00000175  EUSCIA0_IRQHandler            
00000175  EUSCIA0_IRQHandler            
00000149  EUSCIA0_InChar                
00000611  EUSCIA0_InString              
000001c9  EUSCIA0_InUDec                
000004c5  EUSCIA0_InUHex                
000000e5  EUSCIA0_Init                  
0000015b  EUSCIA0_OutChar               
000001ab  EUSCIA0_OutString             
0000024d  EUSCIA0_OutUDec               
000003dd  EUSCIA0_OutUDec4              
00000415  EUSCIA0_OutUDec5              
00000451  EUSCIA0_OutUFix1              
00000479  EUSCIA0_OutUFix2              
0000058d  EUSCIA0_OutUHex               
000005f3  EUSCIA0_OutUHex2              
000005d1  EUSCIA0outnibble              
0000141d  EUSCIA1_IRQHandler            
0000141d  EUSCIA2_IRQHandler            
0000141d  EUSCIA3_IRQHandler            
0000141d  EUSCIB0_IRQHandler            
0000141d  EUSCIB1_IRQHandler            
0000141d  EUSCIB2_IRQHandler            
0000141d  EUSCIB3_IRQHandler            
0000141d  FLCTL_IRQHandler              
0000141d  FPU_IRQHandler                
2000054c  FSM_States                    
0000141d  HardFault_Handler             
20000624  IFlags                        
00000dd5  LaunchPad_Init                
00000f33  LaunchPad_Input               
00000f4d  LaunchPad_LED                 
00000f6b  LaunchPad_Output              
0000141d  MemManage_Handler             
20000524  Messagec                      
2000052c  Messageindexc                 
0000141d  NMI_Handler                   
0000141d  PCM_IRQHandler                
0000141d  PORT1_IRQHandler              
0000141d  PORT2_IRQHandler              
0000141d  PORT3_IRQHandler              
0000141d  PORT4_IRQHandler              
0000141d  PORT5_IRQHandler              
0000141d  PORT6_IRQHandler              
0000141d  PSS_IRQHandler                
000009c9  Pause                         
0000141d  PendSV_Handler                
20000620  Postwait                      
20000618  Prewait                       
0000141d  RTC_C_IRQHandler              
00001411  Reset_Handler                 
000012f7  RxFifo0_Get                   
000012e7  RxFifo0_Init                  
000012e9  RxFifo0_Put                   
00001303  RxFifo0_Size                  
0000141d  SVC_Handler                   
0000141d  SysTick_Handler               
2000062c  SystemCoreClock               
0000069d  SystemCoreClockUpdate         
00000911  SystemInit                    
0000141d  T32_INT1_IRQHandler           
0000141d  T32_INT2_IRQHandler           
0000141d  T32_INTC_IRQHandler           
0000141d  TA0_0_IRQHandler              
0000141d  TA0_N_IRQHandler              
0000141d  TA1_0_IRQHandler              
0000141d  TA1_N_IRQHandler              
000011c3  TA2_0_IRQHandler              
000011c3  TA2_0_IRQHandler              
0000141d  TA2_N_IRQHandler              
0000141d  TA3_0_IRQHandler              
0000141d  TA3_N_IRQHandler              
20000530  TimerA2Task                   
00001187  TimerA2_Change_Task           
00001129  TimerA2_Init                  
000011af  TimerA2_Stop                  
000012d7  TxFifo0_Get                   
00001295  TxFifo0_Init                  
000012bd  TxFifo0_Put                   
000012e3  TxFifo0_Size                  
20000400  TxHistogram                   
0000141d  UsageFault_Handler            
4000480c  WDTCTL_SYM                    
0000141d  WDT_A_IRQHandler              
20010000  __STACK_END                   
00000200  __STACK_SIZE                  
00000400  __SYSMEM_SIZE                 
00001490  __TI_CINIT_Base               
000014a0  __TI_CINIT_Limit              
0000147c  __TI_Handler_Table_Base       
00001488  __TI_Handler_Table_Limit      
00001375  __TI_auto_init_nobinit_nopinit
0000130d  __TI_decompress_lzss          
00001403  __TI_decompress_none          
ffffffff  __TI_pprof_out_hndl           
ffffffff  __TI_prof_data_size           
ffffffff  __TI_prof_data_start          
00000000  __TI_static_base__            
000013f1  __TI_zero_init_nomemset       
000011f9  __aeabi_memcpy                
000011f9  __aeabi_memcpy4               
000011f9  __aeabi_memcpy8               
ffffffff  __binit__                     
ffffffff  __c_args__                    
UNDEFED   __mpu_init                    
2000fe00  __stack                       
000013b9  _c_int00_noargs               
20000000  _sys_memory                   
UNDEFED   _system_post_cinit            
0000141f  _system_pre_init              
00001423  abort                         
000009dd  average_array                 
ffffffff  binit                         
20000534  center_distance               
00000b23  configure_ADC                 
00000a1d  convert_sensor_to_distance    
00000d11  delay                         
00000ad7  distance_to_obj               
00000000  interruptVectors              
20000538  left_distance                 
00000b79  main                          
000011f9  memcpy                        
2000053c  right_distance                
20000540  sensor_center                 
20000500  sensor_center_buff            
20000544  sensor_left                   
2000050c  sensor_left_buff              
20000548  sensor_right                  
20000518  sensor_right_buff             
00000e4d  set_color                     
00000e45  set_color_red                 
00000a73  timerA2_task                  


GLOBAL SYMBOLS: SORTED BY Symbol Address 

address   name                          
-------   ----                          
00000000  __TI_static_base__            
00000000  interruptVectors              
000000e5  EUSCIA0_Init                  
00000149  EUSCIA0_InChar                
0000015b  EUSCIA0_OutChar               
00000175  EUSCIA0_IRQHandler            
00000175  EUSCIA0_IRQHandler            
000001ab  EUSCIA0_OutString             
000001c9  EUSCIA0_InUDec                
00000200  __STACK_SIZE                  
0000024d  EUSCIA0_OutUDec               
000003dd  EUSCIA0_OutUDec4              
00000400  __SYSMEM_SIZE                 
00000415  EUSCIA0_OutUDec5              
00000451  EUSCIA0_OutUFix1              
00000479  EUSCIA0_OutUFix2              
000004c5  EUSCIA0_InUHex                
0000058d  EUSCIA0_OutUHex               
000005d1  EUSCIA0outnibble              
000005f3  EUSCIA0_OutUHex2              
00000611  EUSCIA0_InString              
0000069d  SystemCoreClockUpdate         
00000911  SystemInit                    
000009c9  Pause                         
000009dd  average_array                 
00000a1d  convert_sensor_to_distance    
00000a73  timerA2_task                  
00000ad7  distance_to_obj               
00000b23  configure_ADC                 
00000b79  main                          
00000bf5  Clock_Init48MHz               
00000d0b  Clock_GetFreq                 
00000d11  delay                         
00000d1f  Clock_Delay1us                
00000d49  Clock_Delay1ms                
00000dd5  LaunchPad_Init                
00000e45  set_color_red                 
00000e4d  set_color                     
00000f33  LaunchPad_Input               
00000f4d  LaunchPad_LED                 
00000f6b  LaunchPad_Output              
00000fb5  ADC0_InitSWTriggerCh6         
00001005  ADC_In6                       
00001025  ADC0_InitSWTriggerCh67        
00001087  ADC_In67                      
000010cf  ADC0_InitSWTriggerCh12        
000010d1  ADC_In12                      
000010d5  ADC0_InitSWTriggerCh17_12_16  
000010d7  ADC_In17_12_16                
00001129  TimerA2_Init                  
00001187  TimerA2_Change_Task           
000011af  TimerA2_Stop                  
000011c3  TA2_0_IRQHandler              
000011c3  TA2_0_IRQHandler              
000011f9  __aeabi_memcpy                
000011f9  __aeabi_memcpy4               
000011f9  __aeabi_memcpy8               
000011f9  memcpy                        
00001295  TxFifo0_Init                  
000012bd  TxFifo0_Put                   
000012d7  TxFifo0_Get                   
000012e3  TxFifo0_Size                  
000012e7  RxFifo0_Init                  
000012e9  RxFifo0_Put                   
000012f7  RxFifo0_Get                   
00001303  RxFifo0_Size                  
0000130d  __TI_decompress_lzss          
00001375  __TI_auto_init_nobinit_nopinit
000013b9  _c_int00_noargs               
000013f1  __TI_zero_init_nomemset       
00001403  __TI_decompress_none          
00001411  Reset_Handler                 
0000141d  ADC14_IRQHandler              
0000141d  AES256_IRQHandler             
0000141d  BusFault_Handler              
0000141d  COMP_E0_IRQHandler            
0000141d  COMP_E1_IRQHandler            
0000141d  CS_IRQHandler                 
0000141d  DMA_ERR_IRQHandler            
0000141d  DMA_INT0_IRQHandler           
0000141d  DMA_INT1_IRQHandler           
0000141d  DMA_INT2_IRQHandler           
0000141d  DMA_INT3_IRQHandler           
0000141d  DebugMon_Handler              
0000141d  Default_Handler               
0000141d  EUSCIA1_IRQHandler            
0000141d  EUSCIA2_IRQHandler            
0000141d  EUSCIA3_IRQHandler            
0000141d  EUSCIB0_IRQHandler            
0000141d  EUSCIB1_IRQHandler            
0000141d  EUSCIB2_IRQHandler            
0000141d  EUSCIB3_IRQHandler            
0000141d  FLCTL_IRQHandler              
0000141d  FPU_IRQHandler                
0000141d  HardFault_Handler             
0000141d  MemManage_Handler             
0000141d  NMI_Handler                   
0000141d  PCM_IRQHandler                
0000141d  PORT1_IRQHandler              
0000141d  PORT2_IRQHandler              
0000141d  PORT3_IRQHandler              
0000141d  PORT4_IRQHandler              
0000141d  PORT5_IRQHandler              
0000141d  PORT6_IRQHandler              
0000141d  PSS_IRQHandler                
0000141d  PendSV_Handler                
0000141d  RTC_C_IRQHandler              
0000141d  SVC_Handler                   
0000141d  SysTick_Handler               
0000141d  T32_INT1_IRQHandler           
0000141d  T32_INT2_IRQHandler           
0000141d  T32_INTC_IRQHandler           
0000141d  TA0_0_IRQHandler              
0000141d  TA0_N_IRQHandler              
0000141d  TA1_0_IRQHandler              
0000141d  TA1_N_IRQHandler              
0000141d  TA2_N_IRQHandler              
0000141d  TA3_0_IRQHandler              
0000141d  TA3_N_IRQHandler              
0000141d  UsageFault_Handler            
0000141d  WDT_A_IRQHandler              
0000141f  _system_pre_init              
00001423  C$$EXIT                       
00001423  abort                         
0000147c  __TI_Handler_Table_Base       
00001488  __TI_Handler_Table_Limit      
00001490  __TI_CINIT_Base               
000014a0  __TI_CINIT_Limit              
20000000  _sys_memory                   
20000400  TxHistogram                   
20000500  sensor_center_buff            
2000050c  sensor_left_buff              
20000518  sensor_right_buff             
20000524  Messagec                      
2000052c  Messageindexc                 
20000530  TimerA2Task                   
20000534  center_distance               
20000538  left_distance                 
2000053c  right_distance                
20000540  sensor_center                 
20000544  sensor_left                   
20000548  sensor_right                  
2000054c  FSM_States                    
20000614  ClockFrequency                
20000618  Prewait                       
2000061c  CPMwait                       
20000620  Postwait                      
20000624  IFlags                        
20000628  Crystalstable                 
2000062c  SystemCoreClock               
2000fe00  __stack                       
20010000  __STACK_END                   
4000480c  WDTCTL_SYM                    
ffffffff  __TI_pprof_out_hndl           
ffffffff  __TI_prof_data_size           
ffffffff  __TI_prof_data_start          
ffffffff  __binit__                     
ffffffff  __c_args__                    
ffffffff  binit                         
UNDEFED   __mpu_init                    
UNDEFED   _system_post_cinit            

[161 symbols]
